.gitignore
.travis.yml
CHANGELOG.md
CMakeLists.txt
Doxyfile
LICENSE.txt
README.md
bin/Shader.frag.spv
bin/Shader.vert.spv
bin/VmaSample_Release_vs2019.exe
docs/.nojekyll
docs/gfx/Aliasing.png
docs/gfx/Linear_allocator_1_algo_default.png
docs/gfx/Linear_allocator_2_algo_linear.png
docs/gfx/Linear_allocator_3_free_at_once.png
docs/gfx/Linear_allocator_4_stack.png
docs/gfx/Linear_allocator_5_ring_buffer.png
docs/gfx/Linear_allocator_7_double_stack.png
docs/gfx/Margins_1.png
docs/gfx/Margins_2.png
docs/gfx/VMA_class_diagram.png
docs/html/allocation_annotation.html
docs/html/annotated.html
docs/html/bc_s.png
docs/html/bdwn.png
docs/html/choosing_memory_type.html
docs/html/classes.html
docs/html/closed.png
docs/html/configuration.html
docs/html/custom_memory_pools.html
docs/html/debugging_memory_usage.html
docs/html/defragmentation.html
docs/html/deprecated.html
docs/html/dir_d44c64559bbebec7f509842c48db8b23.html
docs/html/doc.png
docs/html/doxygen.css
docs/html/doxygen.svg
docs/html/dynsections.js
docs/html/enabling_buffer_device_address.html
docs/html/files.html
docs/html/folderclosed.png
docs/html/folderopen.png
docs/html/functions.html
docs/html/functions_vars.html
docs/html/general_considerations.html
docs/html/globals.html
docs/html/globals_defs.html
docs/html/globals_enum.html
docs/html/globals_eval.html
docs/html/globals_func.html
docs/html/globals_type.html
docs/html/group__group__alloc.html
docs/html/group__group__init.html
docs/html/group__group__stats.html
docs/html/group__group__virtual.html
docs/html/index.html
docs/html/jquery.js
docs/html/memory_mapping.html
docs/html/menu.js
docs/html/menudata.js
docs/html/modules.html
docs/html/nav_f.png
docs/html/nav_g.png
docs/html/nav_h.png
docs/html/open.png
docs/html/opengl_interop.html
docs/html/pages.html
docs/html/quick_start.html
docs/html/resource_aliasing.html
docs/html/search/all_0.html
docs/html/search/all_0.js
docs/html/search/all_1.html
docs/html/search/all_1.js
docs/html/search/all_10.html
docs/html/search/all_10.js
docs/html/search/all_11.html
docs/html/search/all_11.js
docs/html/search/all_2.html
docs/html/search/all_2.js
docs/html/search/all_3.html
docs/html/search/all_3.js
docs/html/search/all_4.html
docs/html/search/all_4.js
docs/html/search/all_5.html
docs/html/search/all_5.js
docs/html/search/all_6.html
docs/html/search/all_6.js
docs/html/search/all_7.html
docs/html/search/all_7.js
docs/html/search/all_8.html
docs/html/search/all_8.js
docs/html/search/all_9.html
docs/html/search/all_9.js
docs/html/search/all_a.html
docs/html/search/all_a.js
docs/html/search/all_b.html
docs/html/search/all_b.js
docs/html/search/all_c.html
docs/html/search/all_c.js
docs/html/search/all_d.html
docs/html/search/all_d.js
docs/html/search/all_e.html
docs/html/search/all_e.js
docs/html/search/all_f.html
docs/html/search/all_f.js
docs/html/search/classes_0.html
docs/html/search/classes_0.js
docs/html/search/close.svg
docs/html/search/defines_0.html
docs/html/search/defines_0.js
docs/html/search/enums_0.html
docs/html/search/enums_0.js
docs/html/search/enumvalues_0.html
docs/html/search/enumvalues_0.js
docs/html/search/files_0.html
docs/html/search/files_0.js
docs/html/search/functions_0.html
docs/html/search/functions_0.js
docs/html/search/groups_0.html
docs/html/search/groups_0.js
docs/html/search/groups_1.html
docs/html/search/groups_1.js
docs/html/search/groups_2.html
docs/html/search/groups_2.js
docs/html/search/groups_3.html
docs/html/search/groups_3.js
docs/html/search/mag_sel.svg
docs/html/search/nomatches.html
docs/html/search/pages_0.html
docs/html/search/pages_0.js
docs/html/search/pages_1.html
docs/html/search/pages_1.js
docs/html/search/pages_2.html
docs/html/search/pages_2.js
docs/html/search/pages_3.html
docs/html/search/pages_3.js
docs/html/search/pages_4.html
docs/html/search/pages_4.js
docs/html/search/pages_5.html
docs/html/search/pages_5.js
docs/html/search/pages_6.html
docs/html/search/pages_6.js
docs/html/search/pages_7.html
docs/html/search/pages_7.js
docs/html/search/pages_8.html
docs/html/search/pages_8.js
docs/html/search/pages_9.html
docs/html/search/pages_9.js
docs/html/search/pages_a.html
docs/html/search/pages_a.js
docs/html/search/search.css
docs/html/search/search.js
docs/html/search/search_l.png
docs/html/search/search_m.png
docs/html/search/search_r.png
docs/html/search/searchdata.js
docs/html/search/typedefs_0.html
docs/html/search/typedefs_0.js
docs/html/search/typedefs_1.html
docs/html/search/typedefs_1.js
docs/html/search/variables_0.html
docs/html/search/variables_0.js
docs/html/search/variables_1.html
docs/html/search/variables_1.js
docs/html/search/variables_2.html
docs/html/search/variables_2.js
docs/html/search/variables_3.html
docs/html/search/variables_3.js
docs/html/search/variables_4.html
docs/html/search/variables_4.js
docs/html/search/variables_5.html
docs/html/search/variables_5.js
docs/html/search/variables_6.html
docs/html/search/variables_6.js
docs/html/search/variables_7.html
docs/html/search/variables_7.js
docs/html/search/variables_8.html
docs/html/search/variables_8.js
docs/html/search/variables_9.html
docs/html/search/variables_9.js
docs/html/search/variables_a.html
docs/html/search/variables_a.js
docs/html/search/variables_b.html
docs/html/search/variables_b.js
docs/html/search/variables_c.html
docs/html/search/variables_c.js
docs/html/splitbar.png
docs/html/statistics.html
docs/html/staying_within_budget.html
docs/html/struct_vma_allocation.html
docs/html/struct_vma_allocation_create_info-members.html
docs/html/struct_vma_allocation_create_info.html
docs/html/struct_vma_allocation_info-members.html
docs/html/struct_vma_allocation_info.html
docs/html/struct_vma_allocator.html
docs/html/struct_vma_allocator_create_info-members.html
docs/html/struct_vma_allocator_create_info.html
docs/html/struct_vma_allocator_info-members.html
docs/html/struct_vma_allocator_info.html
docs/html/struct_vma_budget-members.html
docs/html/struct_vma_budget.html
docs/html/struct_vma_defragmentation_context.html
docs/html/struct_vma_defragmentation_info-members.html
docs/html/struct_vma_defragmentation_info.html
docs/html/struct_vma_defragmentation_move-members.html
docs/html/struct_vma_defragmentation_move.html
docs/html/struct_vma_defragmentation_pass_move_info-members.html
docs/html/struct_vma_defragmentation_pass_move_info.html
docs/html/struct_vma_defragmentation_stats-members.html
docs/html/struct_vma_defragmentation_stats.html
docs/html/struct_vma_detailed_statistics-members.html
docs/html/struct_vma_detailed_statistics.html
docs/html/struct_vma_device_memory_callbacks-members.html
docs/html/struct_vma_device_memory_callbacks.html
docs/html/struct_vma_pool.html
docs/html/struct_vma_pool_create_info-members.html
docs/html/struct_vma_pool_create_info.html
docs/html/struct_vma_statistics-members.html
docs/html/struct_vma_statistics.html
docs/html/struct_vma_total_statistics-members.html
docs/html/struct_vma_total_statistics.html
docs/html/struct_vma_virtual_allocation.html
docs/html/struct_vma_virtual_allocation_create_info-members.html
docs/html/struct_vma_virtual_allocation_create_info.html
docs/html/struct_vma_virtual_allocation_info-members.html
docs/html/struct_vma_virtual_allocation_info.html
docs/html/struct_vma_virtual_block.html
docs/html/struct_vma_virtual_block_create_info-members.html
docs/html/struct_vma_virtual_block_create_info.html
docs/html/struct_vma_vulkan_functions-members.html
docs/html/struct_vma_vulkan_functions.html
docs/html/sync_off.png
docs/html/sync_on.png
docs/html/tab_a.png
docs/html/tab_b.png
docs/html/tab_h.png
docs/html/tab_s.png
docs/html/tabs.css
docs/html/usage_patterns.html
docs/html/virtual_allocator.html
docs/html/vk__mem__alloc_8h.html
docs/html/vk_amd_device_coherent_memory.html
docs/html/vk_ext_memory_priority.html
docs/html/vk_khr_dedicated_allocation.html
include/vk_mem_alloc.h
media/Thumbnail.png
src/.editorconfig
src/CMakeLists.txt
src/Common.cpp
src/Common.h
src/Shaders/CMakeLists.txt
src/Shaders/CompileShaders.bat
src/Shaders/Shader.frag
src/Shaders/Shader.vert
src/Shaders/SparseBindingTest.comp
src/SparseBindingTest.cpp
src/SparseBindingTest.h
src/Tests.cpp
src/Tests.h
src/VmaUsage.cpp
src/VmaUsage.h
src/VulkanSample.cpp
src/cmake/Config.cmake.in
src/cmake/install_target.cmake
src/vk_mem_alloc.natvis
tools/GpuMemDumpVis/GpuMemDump.schema.json
tools/GpuMemDumpVis/GpuMemDumpVis.py
tools/GpuMemDumpVis/README.md
tools/GpuMemDumpVis/README_files/ExampleOutput.png
tools/GpuMemDumpVis/README_files/Legend_Bkg.png
tools/GpuMemDumpVis/README_files/Legend_Buffer_1.png
tools/GpuMemDumpVis/README_files/Legend_Buffer_2.png
tools/GpuMemDumpVis/README_files/Legend_Buffer_3.png
tools/GpuMemDumpVis/README_files/Legend_Buffer_4.png
tools/GpuMemDumpVis/README_files/Legend_Details.png
tools/GpuMemDumpVis/README_files/Legend_Image_1.png
tools/GpuMemDumpVis/README_files/Legend_Image_2.png
tools/GpuMemDumpVis/README_files/Legend_Image_3.png
tools/GpuMemDumpVis/README_files/Legend_Image_4.png
tools/GpuMemDumpVis/README_files/Legend_Image_Linear.png
tools/GpuMemDumpVis/README_files/Legend_Image_Unknown.png
tools/GpuMemDumpVis/README_files/Legend_Unknown.png
tools/GpuMemDumpVis/Sample.json
