.github/workflows/ci.yml
.github/workflows/make_light_release.yml
.gitignore
CMakeLists.txt
cmake/cmake_uninstall.cmake.in
copying.txt
doc/api/a00002.html
doc/api/a00002_source.html
doc/api/a00005_source.html
doc/api/a00008_source.html
doc/api/a00011_source.html
doc/api/a00014_source.html
doc/api/a00017_source.html
doc/api/a00020_source.html
doc/api/a00023_source.html
doc/api/a00026_source.html
doc/api/a00029_source.html
doc/api/a00032_source.html
doc/api/a00035_source.html
doc/api/a00038_source.html
doc/api/a00041.html
doc/api/a00041_source.html
doc/api/a00044.html
doc/api/a00044_source.html
doc/api/a00047.html
doc/api/a00047_source.html
doc/api/a00050.html
doc/api/a00050_source.html
doc/api/a00053.html
doc/api/a00053_source.html
doc/api/a00056.html
doc/api/a00056_source.html
doc/api/a00059.html
doc/api/a00059_source.html
doc/api/a00062.html
doc/api/a00062_source.html
doc/api/a00065.html
doc/api/a00065_source.html
doc/api/a00068.html
doc/api/a00068_source.html
doc/api/a00071.html
doc/api/a00071_source.html
doc/api/a00074.html
doc/api/a00074_source.html
doc/api/a00077.html
doc/api/a00077_source.html
doc/api/a00080.html
doc/api/a00080_source.html
doc/api/a00083.html
doc/api/a00083_source.html
doc/api/a00086_source.html
doc/api/a00089.html
doc/api/a00089_source.html
doc/api/a00092.html
doc/api/a00092_source.html
doc/api/a00095.html
doc/api/a00095_source.html
doc/api/a00098.html
doc/api/a00098_source.html
doc/api/a00101.html
doc/api/a00101_source.html
doc/api/a00104.html
doc/api/a00104_source.html
doc/api/a00107.html
doc/api/a00107_source.html
doc/api/a00110.html
doc/api/a00110_source.html
doc/api/a00113.html
doc/api/a00113_source.html
doc/api/a00116.html
doc/api/a00116_source.html
doc/api/a00119.html
doc/api/a00119_source.html
doc/api/a00122.html
doc/api/a00122_source.html
doc/api/a00125.html
doc/api/a00125_source.html
doc/api/a00128.html
doc/api/a00128_source.html
doc/api/a00131.html
doc/api/a00131_source.html
doc/api/a00134.html
doc/api/a00134_source.html
doc/api/a00137.html
doc/api/a00137_source.html
doc/api/a00140.html
doc/api/a00140_source.html
doc/api/a00143.html
doc/api/a00143_source.html
doc/api/a00146.html
doc/api/a00146_source.html
doc/api/a00149.html
doc/api/a00149_source.html
doc/api/a00152.html
doc/api/a00152_source.html
doc/api/a00155.html
doc/api/a00155_source.html
doc/api/a00158.html
doc/api/a00158_source.html
doc/api/a00161.html
doc/api/a00161_source.html
doc/api/a00164.html
doc/api/a00164_source.html
doc/api/a00167.html
doc/api/a00167_source.html
doc/api/a00170.html
doc/api/a00170_source.html
doc/api/a00173.html
doc/api/a00173_source.html
doc/api/a00176.html
doc/api/a00176_source.html
doc/api/a00179.html
doc/api/a00179_source.html
doc/api/a00182.html
doc/api/a00182_source.html
doc/api/a00185.html
doc/api/a00185_source.html
doc/api/a00188_source.html
doc/api/a00191.html
doc/api/a00191_source.html
doc/api/a00194.html
doc/api/a00194_source.html
doc/api/a00197.html
doc/api/a00197_source.html
doc/api/a00200.html
doc/api/a00200_source.html
doc/api/a00203.html
doc/api/a00203_source.html
doc/api/a00206.html
doc/api/a00206_source.html
doc/api/a00209.html
doc/api/a00209_source.html
doc/api/a00212.html
doc/api/a00212_source.html
doc/api/a00215.html
doc/api/a00215_source.html
doc/api/a00218.html
doc/api/a00218_source.html
doc/api/a00221.html
doc/api/a00221_source.html
doc/api/a00224.html
doc/api/a00224_source.html
doc/api/a00227.html
doc/api/a00227_source.html
doc/api/a00230.html
doc/api/a00230_source.html
doc/api/a00233.html
doc/api/a00233_source.html
doc/api/a00236_source.html
doc/api/a00239.html
doc/api/a00239_source.html
doc/api/a00242.html
doc/api/a00242_source.html
doc/api/a00245.html
doc/api/a00245_source.html
doc/api/a00248.html
doc/api/a00248_source.html
doc/api/a00251.html
doc/api/a00251_source.html
doc/api/a00254.html
doc/api/a00254_source.html
doc/api/a00260.html
doc/api/a00260_source.html
doc/api/a00263.html
doc/api/a00263_source.html
doc/api/a00269.html
doc/api/a00269_source.html
doc/api/a00272.html
doc/api/a00272_source.html
doc/api/a00275.html
doc/api/a00275_source.html
doc/api/a00278.html
doc/api/a00278_source.html
doc/api/a00281.html
doc/api/a00281_source.html
doc/api/a00284.html
doc/api/a00284_source.html
doc/api/a00287.html
doc/api/a00287_source.html
doc/api/a00290.html
doc/api/a00290_source.html
doc/api/a00293.html
doc/api/a00293_source.html
doc/api/a00296.html
doc/api/a00296_source.html
doc/api/a00299.html
doc/api/a00299_source.html
doc/api/a00302_source.html
doc/api/a00305.html
doc/api/a00305_source.html
doc/api/a00308.html
doc/api/a00308_source.html
doc/api/a00311.html
doc/api/a00311_source.html
doc/api/a00314.html
doc/api/a00314_source.html
doc/api/a00317.html
doc/api/a00317_source.html
doc/api/a00320.html
doc/api/a00320_source.html
doc/api/a00323.html
doc/api/a00323_source.html
doc/api/a00326.html
doc/api/a00326_source.html
doc/api/a00329.html
doc/api/a00329_source.html
doc/api/a00332.html
doc/api/a00332_source.html
doc/api/a00335.html
doc/api/a00335_source.html
doc/api/a00338.html
doc/api/a00338_source.html
doc/api/a00341.html
doc/api/a00341_source.html
doc/api/a00344.html
doc/api/a00344_source.html
doc/api/a00347.html
doc/api/a00347_source.html
doc/api/a00350.html
doc/api/a00350_source.html
doc/api/a00353.html
doc/api/a00353_source.html
doc/api/a00356.html
doc/api/a00356_source.html
doc/api/a00359.html
doc/api/a00359_source.html
doc/api/a00362.html
doc/api/a00362_source.html
doc/api/a00365.html
doc/api/a00365_source.html
doc/api/a00368.html
doc/api/a00368_source.html
doc/api/a00374.html
doc/api/a00374_source.html
doc/api/a00377.html
doc/api/a00377_source.html
doc/api/a00380.html
doc/api/a00380_source.html
doc/api/a00383.html
doc/api/a00383_source.html
doc/api/a00386.html
doc/api/a00386_source.html
doc/api/a00389.html
doc/api/a00389_source.html
doc/api/a00392.html
doc/api/a00392_source.html
doc/api/a00395.html
doc/api/a00395_source.html
doc/api/a00398.html
doc/api/a00398_source.html
doc/api/a00401.html
doc/api/a00401_source.html
doc/api/a00404.html
doc/api/a00404_source.html
doc/api/a00407.html
doc/api/a00407_source.html
doc/api/a00410.html
doc/api/a00410_source.html
doc/api/a00413.html
doc/api/a00413_source.html
doc/api/a00416.html
doc/api/a00416_source.html
doc/api/a00419.html
doc/api/a00419_source.html
doc/api/a00422.html
doc/api/a00422_source.html
doc/api/a00425.html
doc/api/a00425_source.html
doc/api/a00428.html
doc/api/a00428_source.html
doc/api/a00431.html
doc/api/a00431_source.html
doc/api/a00434.html
doc/api/a00434_source.html
doc/api/a00437.html
doc/api/a00437_source.html
doc/api/a00440.html
doc/api/a00440_source.html
doc/api/a00443.html
doc/api/a00443_source.html
doc/api/a00446.html
doc/api/a00446_source.html
doc/api/a00449.html
doc/api/a00449_source.html
doc/api/a00452.html
doc/api/a00452_source.html
doc/api/a00455.html
doc/api/a00455_source.html
doc/api/a00458.html
doc/api/a00458_source.html
doc/api/a00461.html
doc/api/a00461_source.html
doc/api/a00464.html
doc/api/a00464_source.html
doc/api/a00467.html
doc/api/a00467_source.html
doc/api/a00470.html
doc/api/a00470_source.html
doc/api/a00473.html
doc/api/a00473_source.html
doc/api/a00476.html
doc/api/a00476_source.html
doc/api/a00479.html
doc/api/a00479_source.html
doc/api/a00482.html
doc/api/a00482_source.html
doc/api/a00485.html
doc/api/a00485_source.html
doc/api/a00488.html
doc/api/a00488_source.html
doc/api/a00491.html
doc/api/a00491_source.html
doc/api/a00494.html
doc/api/a00494_source.html
doc/api/a00497.html
doc/api/a00497_source.html
doc/api/a00500.html
doc/api/a00500_source.html
doc/api/a00503.html
doc/api/a00503_source.html
doc/api/a00506.html
doc/api/a00506_source.html
doc/api/a00509.html
doc/api/a00509_source.html
doc/api/a00512.html
doc/api/a00512_source.html
doc/api/a00515.html
doc/api/a00515_source.html
doc/api/a00518.html
doc/api/a00518_source.html
doc/api/a00521_source.html
doc/api/a00524.html
doc/api/a00524_source.html
doc/api/a00527_source.html
doc/api/a00530.html
doc/api/a00530_source.html
doc/api/a00536.html
doc/api/a00536_source.html
doc/api/a00539.html
doc/api/a00539_source.html
doc/api/a00542.html
doc/api/a00542_source.html
doc/api/a00545.html
doc/api/a00545_source.html
doc/api/a00548.html
doc/api/a00548_source.html
doc/api/a00551.html
doc/api/a00551_source.html
doc/api/a00554.html
doc/api/a00554_source.html
doc/api/a00560.html
doc/api/a00560_source.html
doc/api/a00563.html
doc/api/a00563_source.html
doc/api/a00566.html
doc/api/a00566_source.html
doc/api/a00572.html
doc/api/a00572_source.html
doc/api/a00575.html
doc/api/a00575_source.html
doc/api/a00578.html
doc/api/a00578_source.html
doc/api/a00581.html
doc/api/a00581_source.html
doc/api/a00584.html
doc/api/a00584_source.html
doc/api/a00587.html
doc/api/a00587_source.html
doc/api/a00590.html
doc/api/a00590_source.html
doc/api/a00593.html
doc/api/a00593_source.html
doc/api/a00596.html
doc/api/a00596_source.html
doc/api/a00599.html
doc/api/a00599_source.html
doc/api/a00602.html
doc/api/a00602_source.html
doc/api/a00605.html
doc/api/a00605_source.html
doc/api/a00608.html
doc/api/a00608_source.html
doc/api/a00611.html
doc/api/a00611_source.html
doc/api/a00614.html
doc/api/a00614_source.html
doc/api/a00617.html
doc/api/a00617_source.html
doc/api/a00620.html
doc/api/a00620_source.html
doc/api/a00623.html
doc/api/a00623_source.html
doc/api/a00626.html
doc/api/a00626_source.html
doc/api/a00629.html
doc/api/a00629_source.html
doc/api/a00632.html
doc/api/a00632_source.html
doc/api/a00635.html
doc/api/a00635_source.html
doc/api/a00638.html
doc/api/a00638_source.html
doc/api/a00641.html
doc/api/a00641_source.html
doc/api/a00644.html
doc/api/a00644_source.html
doc/api/a00647.html
doc/api/a00647_source.html
doc/api/a00650.html
doc/api/a00650_source.html
doc/api/a00653.html
doc/api/a00653_source.html
doc/api/a00656.html
doc/api/a00656_source.html
doc/api/a00659.html
doc/api/a00659_source.html
doc/api/a00662.html
doc/api/a00662_source.html
doc/api/a00665.html
doc/api/a00665_source.html
doc/api/a00668.html
doc/api/a00668_source.html
doc/api/a00671.html
doc/api/a00671_source.html
doc/api/a00674.html
doc/api/a00674_source.html
doc/api/a00677.html
doc/api/a00677_source.html
doc/api/a00680.html
doc/api/a00680_source.html
doc/api/a00683.html
doc/api/a00683_source.html
doc/api/a00686.html
doc/api/a00686_source.html
doc/api/a00689.html
doc/api/a00689_source.html
doc/api/a00692.html
doc/api/a00692_source.html
doc/api/a00695.html
doc/api/a00695_source.html
doc/api/a00698.html
doc/api/a00698_source.html
doc/api/a00701.html
doc/api/a00701_source.html
doc/api/a00704.html
doc/api/a00704_source.html
doc/api/a00707.html
doc/api/a00707_source.html
doc/api/a00710.html
doc/api/a00710_source.html
doc/api/a00713.html
doc/api/a00713_source.html
doc/api/a00716.html
doc/api/a00716_source.html
doc/api/a00719.html
doc/api/a00719_source.html
doc/api/a00722.html
doc/api/a00722_source.html
doc/api/a00725.html
doc/api/a00725_source.html
doc/api/a00728.html
doc/api/a00728_source.html
doc/api/a00731.html
doc/api/a00731_source.html
doc/api/a00734.html
doc/api/a00734_source.html
doc/api/a00737.html
doc/api/a00737_source.html
doc/api/a00740.html
doc/api/a00740_source.html
doc/api/a00743.html
doc/api/a00743_source.html
doc/api/a00746.html
doc/api/a00746_source.html
doc/api/a00749.html
doc/api/a00749_source.html
doc/api/a00752.html
doc/api/a00752_source.html
doc/api/a00755.html
doc/api/a00755_source.html
doc/api/a00758.html
doc/api/a00758_source.html
doc/api/a00761.html
doc/api/a00761_source.html
doc/api/a00764.html
doc/api/a00764_source.html
doc/api/a00767.html
doc/api/a00767_source.html
doc/api/a00770.html
doc/api/a00770_source.html
doc/api/a00773.html
doc/api/a00773_source.html
doc/api/a00776.html
doc/api/a00776_source.html
doc/api/a00779.html
doc/api/a00779_source.html
doc/api/a00782.html
doc/api/a00782_source.html
doc/api/a00785.html
doc/api/a00785_source.html
doc/api/a00788.html
doc/api/a00788_source.html
doc/api/a00791.html
doc/api/a00791_source.html
doc/api/a00794.html
doc/api/a00794_source.html
doc/api/a00797.html
doc/api/a00797_source.html
doc/api/a00800_source.html
doc/api/a00803.html
doc/api/a00804.html
doc/api/a00805.html
doc/api/a00806.html
doc/api/a00807.html
doc/api/a00808.html
doc/api/a00809.html
doc/api/a00810.html
doc/api/a00811.html
doc/api/a00812.html
doc/api/a00813.html
doc/api/a00814.html
doc/api/a00815.html
doc/api/a00816.html
doc/api/a00817.html
doc/api/a00818.html
doc/api/a00819.html
doc/api/a00820.html
doc/api/a00821.html
doc/api/a00822.html
doc/api/a00823.html
doc/api/a00824.html
doc/api/a00825.html
doc/api/a00826.html
doc/api/a00827.html
doc/api/a00828.html
doc/api/a00829.html
doc/api/a00830.html
doc/api/a00831.html
doc/api/a00832.html
doc/api/a00833.html
doc/api/a00834.html
doc/api/a00835.html
doc/api/a00836.html
doc/api/a00837.html
doc/api/a00838.html
doc/api/a00839.html
doc/api/a00840.html
doc/api/a00841.html
doc/api/a00842.html
doc/api/a00843.html
doc/api/a00844.html
doc/api/a00845.html
doc/api/a00846.html
doc/api/a00847.html
doc/api/a00848.html
doc/api/a00849.html
doc/api/a00850.html
doc/api/a00851.html
doc/api/a00852.html
doc/api/a00853.html
doc/api/a00854.html
doc/api/a00855.html
doc/api/a00856.html
doc/api/a00857.html
doc/api/a00858.html
doc/api/a00859.html
doc/api/a00860.html
doc/api/a00861.html
doc/api/a00862.html
doc/api/a00863.html
doc/api/a00864.html
doc/api/a00865.html
doc/api/a00866.html
doc/api/a00867.html
doc/api/a00868.html
doc/api/a00869.html
doc/api/a00870.html
doc/api/a00871.html
doc/api/a00872.html
doc/api/a00873.html
doc/api/a00874.html
doc/api/a00875.html
doc/api/a00876.html
doc/api/a00877.html
doc/api/a00878.html
doc/api/a00879.html
doc/api/a00880.html
doc/api/a00881.html
doc/api/a00882.html
doc/api/a00883.html
doc/api/a00884.html
doc/api/a00885.html
doc/api/a00886.html
doc/api/a00887.html
doc/api/a00888.html
doc/api/a00889.html
doc/api/a00890.html
doc/api/a00891.html
doc/api/a00892.html
doc/api/a00893.html
doc/api/a00894.html
doc/api/a00895.html
doc/api/a00896.html
doc/api/a00897.html
doc/api/a00898.html
doc/api/a00899.html
doc/api/a00900.html
doc/api/a00901.html
doc/api/a00902.html
doc/api/a00903.html
doc/api/a00904.html
doc/api/a00905.html
doc/api/a00906.html
doc/api/a00907.html
doc/api/a00908.html
doc/api/a00909.html
doc/api/a00910.html
doc/api/a00911.html
doc/api/a00912.html
doc/api/a00913.html
doc/api/a00914.html
doc/api/a00915.html
doc/api/a00916.html
doc/api/a00917.html
doc/api/a00918.html
doc/api/a00919.html
doc/api/a00920.html
doc/api/a00921.html
doc/api/a00922.html
doc/api/a00923.html
doc/api/a00924.html
doc/api/a00925.html
doc/api/a00926.html
doc/api/a00927.html
doc/api/a00928.html
doc/api/a00929.html
doc/api/a00930.html
doc/api/a00931.html
doc/api/a00932.html
doc/api/a00933.html
doc/api/a00934.html
doc/api/a00935.html
doc/api/a00936.html
doc/api/a00937.html
doc/api/a00938.html
doc/api/a00939.html
doc/api/a00940.html
doc/api/a00941.html
doc/api/a00942.html
doc/api/a00943.html
doc/api/a00944.html
doc/api/a00945.html
doc/api/a00946.html
doc/api/a00947.html
doc/api/a00948.html
doc/api/a00949.html
doc/api/a00950.html
doc/api/a00951.html
doc/api/a00952.html
doc/api/a00953.html
doc/api/a00954.html
doc/api/a00955.html
doc/api/a00956.html
doc/api/a00957.html
doc/api/a00958.html
doc/api/a00959.html
doc/api/a00960.html
doc/api/a00961.html
doc/api/a00962.html
doc/api/a00963.html
doc/api/a00964.html
doc/api/a00965.html
doc/api/a00966.html
doc/api/a00967.html
doc/api/a00968.html
doc/api/a00969.html
doc/api/a00970.html
doc/api/a00971.html
doc/api/a00972.html
doc/api/a00973.html
doc/api/a00974.html
doc/api/a00975.html
doc/api/a00976.html
doc/api/a00977.html
doc/api/a00978.html
doc/api/a00979.html
doc/api/a00980.html
doc/api/a00981.html
doc/api/a00982.html
doc/api/a00983.html
doc/api/a00984.html
doc/api/a00985.html
doc/api/a01558.html
doc/api/a01558_source.html
doc/api/a01561.html
doc/api/a01561_source.html
doc/api/a01564.html
doc/api/a01564_source.html
doc/api/a01567.html
doc/api/a01567_source.html
doc/api/a01570.html
doc/api/a01570_source.html
doc/api/a01573.html
doc/api/a01573_source.html
doc/api/a01576.html
doc/api/a01576_source.html
doc/api/a01579.html
doc/api/a01579_source.html
doc/api/a01582.html
doc/api/a01582_source.html
doc/api/a01585.html
doc/api/a01585_source.html
doc/api/a01588.html
doc/api/a01588_source.html
doc/api/a01591.html
doc/api/a01591_source.html
doc/api/a01594.html
doc/api/a01594_source.html
doc/api/a01597.html
doc/api/a01597_source.html
doc/api/a01600.html
doc/api/a01600_source.html
doc/api/a01603.html
doc/api/a01603_source.html
doc/api/a01606.html
doc/api/a01606_source.html
doc/api/arrowdown.png
doc/api/arrowright.png
doc/api/bc_s.png
doc/api/bdwn.png
doc/api/closed.png
doc/api/dir_382f4fd018b81be8753cb53c0a41a09a.html
doc/api/dir_50f12b6ceb23d7f6adfb377a1ae8b006.html
doc/api/dir_628fd60eb37daf5aa9a81e3983c640b7.html
doc/api/dir_63ed049134a778d525e06b63afc2c979.html
doc/api/dir_885cc87fac2d91e269af0a5a959fa5f6.html
doc/api/dir_b11711034def6a4ce452fe9c451dd3d0.html
doc/api/dir_b171cecbb853a9ee4caace490047c53f.html
doc/api/dir_c98a9ac98258ab9f831b188d66361a70.html
doc/api/dir_d9678a6a9012da969e0b059b39347945.html
doc/api/dir_fca33f1b5115d46f42c670590789c0d2.html
doc/api/doc.png
doc/api/doxygen.css
doc/api/doxygen.png
doc/api/dynsections.js
doc/api/files.html
doc/api/folderclosed.png
doc/api/folderopen.png
doc/api/index.html
doc/api/jquery.js
doc/api/logo-mini.png
doc/api/menu.js
doc/api/menudata.js
doc/api/modules.html
doc/api/nav_f.png
doc/api/nav_g.png
doc/api/nav_h.png
doc/api/open.png
doc/api/search/all_0.html
doc/api/search/all_0.js
doc/api/search/all_1.html
doc/api/search/all_1.js
doc/api/search/all_10.html
doc/api/search/all_10.js
doc/api/search/all_11.html
doc/api/search/all_11.js
doc/api/search/all_12.html
doc/api/search/all_12.js
doc/api/search/all_13.html
doc/api/search/all_13.js
doc/api/search/all_14.html
doc/api/search/all_14.js
doc/api/search/all_15.html
doc/api/search/all_15.js
doc/api/search/all_16.html
doc/api/search/all_16.js
doc/api/search/all_2.html
doc/api/search/all_2.js
doc/api/search/all_3.html
doc/api/search/all_3.js
doc/api/search/all_4.html
doc/api/search/all_4.js
doc/api/search/all_5.html
doc/api/search/all_5.js
doc/api/search/all_6.html
doc/api/search/all_6.js
doc/api/search/all_7.html
doc/api/search/all_7.js
doc/api/search/all_8.html
doc/api/search/all_8.js
doc/api/search/all_9.html
doc/api/search/all_9.js
doc/api/search/all_a.html
doc/api/search/all_a.js
doc/api/search/all_b.html
doc/api/search/all_b.js
doc/api/search/all_c.html
doc/api/search/all_c.js
doc/api/search/all_d.html
doc/api/search/all_d.js
doc/api/search/all_e.html
doc/api/search/all_e.js
doc/api/search/all_f.html
doc/api/search/all_f.js
doc/api/search/close.png
doc/api/search/files_0.html
doc/api/search/files_0.js
doc/api/search/files_1.html
doc/api/search/files_1.js
doc/api/search/files_10.html
doc/api/search/files_10.js
doc/api/search/files_11.html
doc/api/search/files_11.js
doc/api/search/files_12.html
doc/api/search/files_12.js
doc/api/search/files_13.html
doc/api/search/files_13.js
doc/api/search/files_14.html
doc/api/search/files_14.js
doc/api/search/files_2.html
doc/api/search/files_2.js
doc/api/search/files_3.html
doc/api/search/files_3.js
doc/api/search/files_4.html
doc/api/search/files_4.js
doc/api/search/files_5.html
doc/api/search/files_5.js
doc/api/search/files_6.html
doc/api/search/files_6.js
doc/api/search/files_7.html
doc/api/search/files_7.js
doc/api/search/files_8.html
doc/api/search/files_8.js
doc/api/search/files_9.html
doc/api/search/files_9.js
doc/api/search/files_a.html
doc/api/search/files_a.js
doc/api/search/files_b.html
doc/api/search/files_b.js
doc/api/search/files_c.html
doc/api/search/files_c.js
doc/api/search/files_d.html
doc/api/search/files_d.js
doc/api/search/files_e.html
doc/api/search/files_e.js
doc/api/search/files_f.html
doc/api/search/files_f.js
doc/api/search/functions_0.html
doc/api/search/functions_0.js
doc/api/search/functions_1.html
doc/api/search/functions_1.js
doc/api/search/functions_10.html
doc/api/search/functions_10.js
doc/api/search/functions_11.html
doc/api/search/functions_11.js
doc/api/search/functions_12.html
doc/api/search/functions_12.js
doc/api/search/functions_13.html
doc/api/search/functions_13.js
doc/api/search/functions_14.html
doc/api/search/functions_14.js
doc/api/search/functions_15.html
doc/api/search/functions_15.js
doc/api/search/functions_16.html
doc/api/search/functions_16.js
doc/api/search/functions_2.html
doc/api/search/functions_2.js
doc/api/search/functions_3.html
doc/api/search/functions_3.js
doc/api/search/functions_4.html
doc/api/search/functions_4.js
doc/api/search/functions_5.html
doc/api/search/functions_5.js
doc/api/search/functions_6.html
doc/api/search/functions_6.js
doc/api/search/functions_7.html
doc/api/search/functions_7.js
doc/api/search/functions_8.html
doc/api/search/functions_8.js
doc/api/search/functions_9.html
doc/api/search/functions_9.js
doc/api/search/functions_a.html
doc/api/search/functions_a.js
doc/api/search/functions_b.html
doc/api/search/functions_b.js
doc/api/search/functions_c.html
doc/api/search/functions_c.js
doc/api/search/functions_d.html
doc/api/search/functions_d.js
doc/api/search/functions_e.html
doc/api/search/functions_e.js
doc/api/search/functions_f.html
doc/api/search/functions_f.js
doc/api/search/groups_0.html
doc/api/search/groups_0.js
doc/api/search/groups_1.html
doc/api/search/groups_1.js
doc/api/search/groups_2.html
doc/api/search/groups_2.js
doc/api/search/groups_3.html
doc/api/search/groups_3.js
doc/api/search/groups_4.html
doc/api/search/groups_4.js
doc/api/search/groups_5.html
doc/api/search/groups_5.js
doc/api/search/groups_6.html
doc/api/search/groups_6.js
doc/api/search/groups_7.html
doc/api/search/groups_7.js
doc/api/search/groups_8.html
doc/api/search/groups_8.js
doc/api/search/groups_9.html
doc/api/search/groups_9.js
doc/api/search/mag_sel.png
doc/api/search/nomatches.html
doc/api/search/pages_0.html
doc/api/search/pages_0.js
doc/api/search/search.css
doc/api/search/search.js
doc/api/search/search_l.png
doc/api/search/search_m.png
doc/api/search/search_r.png
doc/api/search/searchdata.js
doc/api/search/typedefs_0.html
doc/api/search/typedefs_0.js
doc/api/search/typedefs_1.html
doc/api/search/typedefs_1.js
doc/api/search/typedefs_2.html
doc/api/search/typedefs_2.js
doc/api/search/typedefs_3.html
doc/api/search/typedefs_3.js
doc/api/search/typedefs_4.html
doc/api/search/typedefs_4.js
doc/api/search/typedefs_5.html
doc/api/search/typedefs_5.js
doc/api/search/typedefs_6.html
doc/api/search/typedefs_6.js
doc/api/search/typedefs_7.html
doc/api/search/typedefs_7.js
doc/api/search/typedefs_8.html
doc/api/search/typedefs_8.js
doc/api/search/typedefs_9.html
doc/api/search/typedefs_9.js
doc/api/search/typedefs_a.html
doc/api/search/typedefs_a.js
doc/api/search/typedefs_b.html
doc/api/search/typedefs_b.js
doc/api/search/typedefs_c.html
doc/api/search/typedefs_c.js
doc/api/search/typedefs_d.html
doc/api/search/typedefs_d.js
doc/api/splitbar.png
doc/api/sync_off.png
doc/api/sync_on.png
doc/api/tab_a.png
doc/api/tab_b.png
doc/api/tab_h.png
doc/api/tab_s.png
doc/api/tabs.css
doc/man.doxy
doc/manual.pdf
doc/manual/frontpage1.png
doc/manual/frontpage2.png
doc/manual/g-truc.png
doc/manual/logo-mini.png
doc/manual/noise-perlin1.jpg
doc/manual/noise-perlin2.jpg
doc/manual/noise-perlin3.jpg
doc/manual/noise-perlin4.png
doc/manual/noise-perlin5.png
doc/manual/noise-perlin6.png
doc/manual/noise-simplex1.jpg
doc/manual/noise-simplex2.jpg
doc/manual/noise-simplex3.jpg
doc/manual/random-ballrand.png
doc/manual/random-circularrand.png
doc/manual/random-diskrand.png
doc/manual/random-gaussrand.png
doc/manual/random-linearrand.png
doc/manual/random-sphericalrand.png
doc/manual/references-cinder.png
doc/manual/references-glsl4book.jpg
doc/manual/references-leosfortune.jpeg
doc/manual/references-leosfortune2.jpg
doc/manual/references-opencloth1.png
doc/manual/references-opencloth3.png
doc/manual/references-outerra1.jpg
doc/manual/references-outerra2.jpg
doc/manual/references-outerra3.jpg
doc/manual/references-outerra4.jpg
doc/theme/bc_s.png
doc/theme/bdwn.png
doc/theme/closed.png
doc/theme/doc.png
doc/theme/doxygen.css
doc/theme/doxygen.png
doc/theme/folderclosed.png
doc/theme/folderopen.png
doc/theme/logo-mini.png
doc/theme/nav_f.png
doc/theme/nav_g.png
doc/theme/nav_h.png
doc/theme/open.png
doc/theme/splitbar.png
doc/theme/sync_off.png
doc/theme/sync_on.png
doc/theme/tab_a.png
doc/theme/tab_b.png
doc/theme/tab_h.png
doc/theme/tab_s.png
glm/CMakeLists.txt
glm/common.hpp
glm/detail/_features.hpp
glm/detail/_fixes.hpp
glm/detail/_noise.hpp
glm/detail/_swizzle.hpp
glm/detail/_swizzle_func.hpp
glm/detail/_vectorize.hpp
glm/detail/compute_common.hpp
glm/detail/compute_vector_relational.hpp
glm/detail/func_common.inl
glm/detail/func_common_simd.inl
glm/detail/func_exponential.inl
glm/detail/func_exponential_simd.inl
glm/detail/func_geometric.inl
glm/detail/func_geometric_simd.inl
glm/detail/func_integer.inl
glm/detail/func_integer_simd.inl
glm/detail/func_matrix.inl
glm/detail/func_matrix_simd.inl
glm/detail/func_packing.inl
glm/detail/func_packing_simd.inl
glm/detail/func_trigonometric.inl
glm/detail/func_trigonometric_simd.inl
glm/detail/func_vector_relational.inl
glm/detail/func_vector_relational_simd.inl
glm/detail/glm.cpp
glm/detail/qualifier.hpp
glm/detail/setup.hpp
glm/detail/type_float.hpp
glm/detail/type_half.hpp
glm/detail/type_half.inl
glm/detail/type_mat2x2.hpp
glm/detail/type_mat2x2.inl
glm/detail/type_mat2x3.hpp
glm/detail/type_mat2x3.inl
glm/detail/type_mat2x4.hpp
glm/detail/type_mat2x4.inl
glm/detail/type_mat3x2.hpp
glm/detail/type_mat3x2.inl
glm/detail/type_mat3x3.hpp
glm/detail/type_mat3x3.inl
glm/detail/type_mat3x4.hpp
glm/detail/type_mat3x4.inl
glm/detail/type_mat4x2.hpp
glm/detail/type_mat4x2.inl
glm/detail/type_mat4x3.hpp
glm/detail/type_mat4x3.inl
glm/detail/type_mat4x4.hpp
glm/detail/type_mat4x4.inl
glm/detail/type_mat4x4_simd.inl
glm/detail/type_quat.hpp
glm/detail/type_quat.inl
glm/detail/type_quat_simd.inl
glm/detail/type_vec1.hpp
glm/detail/type_vec1.inl
glm/detail/type_vec2.hpp
glm/detail/type_vec2.inl
glm/detail/type_vec3.hpp
glm/detail/type_vec3.inl
glm/detail/type_vec4.hpp
glm/detail/type_vec4.inl
glm/detail/type_vec4_simd.inl
glm/exponential.hpp
glm/ext.hpp
glm/ext/_matrix_vectorize.hpp
glm/ext/matrix_clip_space.hpp
glm/ext/matrix_clip_space.inl
glm/ext/matrix_common.hpp
glm/ext/matrix_common.inl
glm/ext/matrix_double2x2.hpp
glm/ext/matrix_double2x2_precision.hpp
glm/ext/matrix_double2x3.hpp
glm/ext/matrix_double2x3_precision.hpp
glm/ext/matrix_double2x4.hpp
glm/ext/matrix_double2x4_precision.hpp
glm/ext/matrix_double3x2.hpp
glm/ext/matrix_double3x2_precision.hpp
glm/ext/matrix_double3x3.hpp
glm/ext/matrix_double3x3_precision.hpp
glm/ext/matrix_double3x4.hpp
glm/ext/matrix_double3x4_precision.hpp
glm/ext/matrix_double4x2.hpp
glm/ext/matrix_double4x2_precision.hpp
glm/ext/matrix_double4x3.hpp
glm/ext/matrix_double4x3_precision.hpp
glm/ext/matrix_double4x4.hpp
glm/ext/matrix_double4x4_precision.hpp
glm/ext/matrix_float2x2.hpp
glm/ext/matrix_float2x2_precision.hpp
glm/ext/matrix_float2x3.hpp
glm/ext/matrix_float2x3_precision.hpp
glm/ext/matrix_float2x4.hpp
glm/ext/matrix_float2x4_precision.hpp
glm/ext/matrix_float3x2.hpp
glm/ext/matrix_float3x2_precision.hpp
glm/ext/matrix_float3x3.hpp
glm/ext/matrix_float3x3_precision.hpp
glm/ext/matrix_float3x4.hpp
glm/ext/matrix_float3x4_precision.hpp
glm/ext/matrix_float4x2.hpp
glm/ext/matrix_float4x2_precision.hpp
glm/ext/matrix_float4x3.hpp
glm/ext/matrix_float4x3_precision.hpp
glm/ext/matrix_float4x4.hpp
glm/ext/matrix_float4x4_precision.hpp
glm/ext/matrix_int2x2.hpp
glm/ext/matrix_int2x2_sized.hpp
glm/ext/matrix_int2x3.hpp
glm/ext/matrix_int2x3_sized.hpp
glm/ext/matrix_int2x4.hpp
glm/ext/matrix_int2x4_sized.hpp
glm/ext/matrix_int3x2.hpp
glm/ext/matrix_int3x2_sized.hpp
glm/ext/matrix_int3x3.hpp
glm/ext/matrix_int3x3_sized.hpp
glm/ext/matrix_int3x4.hpp
glm/ext/matrix_int3x4_sized.hpp
glm/ext/matrix_int4x2.hpp
glm/ext/matrix_int4x2_sized.hpp
glm/ext/matrix_int4x3.hpp
glm/ext/matrix_int4x3_sized.hpp
glm/ext/matrix_int4x4.hpp
glm/ext/matrix_int4x4_sized.hpp
glm/ext/matrix_integer.hpp
glm/ext/matrix_integer.inl
glm/ext/matrix_projection.hpp
glm/ext/matrix_projection.inl
glm/ext/matrix_relational.hpp
glm/ext/matrix_relational.inl
glm/ext/matrix_transform.hpp
glm/ext/matrix_transform.inl
glm/ext/matrix_uint2x2.hpp
glm/ext/matrix_uint2x2_sized.hpp
glm/ext/matrix_uint2x3.hpp
glm/ext/matrix_uint2x3_sized.hpp
glm/ext/matrix_uint2x4.hpp
glm/ext/matrix_uint2x4_sized.hpp
glm/ext/matrix_uint3x2.hpp
glm/ext/matrix_uint3x2_sized.hpp
glm/ext/matrix_uint3x3.hpp
glm/ext/matrix_uint3x3_sized.hpp
glm/ext/matrix_uint3x4.hpp
glm/ext/matrix_uint3x4_sized.hpp
glm/ext/matrix_uint4x2.hpp
glm/ext/matrix_uint4x2_sized.hpp
glm/ext/matrix_uint4x3.hpp
glm/ext/matrix_uint4x3_sized.hpp
glm/ext/matrix_uint4x4.hpp
glm/ext/matrix_uint4x4_sized.hpp
glm/ext/quaternion_common.hpp
glm/ext/quaternion_common.inl
glm/ext/quaternion_common_simd.inl
glm/ext/quaternion_double.hpp
glm/ext/quaternion_double_precision.hpp
glm/ext/quaternion_exponential.hpp
glm/ext/quaternion_exponential.inl
glm/ext/quaternion_float.hpp
glm/ext/quaternion_float_precision.hpp
glm/ext/quaternion_geometric.hpp
glm/ext/quaternion_geometric.inl
glm/ext/quaternion_relational.hpp
glm/ext/quaternion_relational.inl
glm/ext/quaternion_transform.hpp
glm/ext/quaternion_transform.inl
glm/ext/quaternion_trigonometric.hpp
glm/ext/quaternion_trigonometric.inl
glm/ext/scalar_common.hpp
glm/ext/scalar_common.inl
glm/ext/scalar_constants.hpp
glm/ext/scalar_constants.inl
glm/ext/scalar_int_sized.hpp
glm/ext/scalar_integer.hpp
glm/ext/scalar_integer.inl
glm/ext/scalar_packing.hpp
glm/ext/scalar_packing.inl
glm/ext/scalar_reciprocal.hpp
glm/ext/scalar_reciprocal.inl
glm/ext/scalar_relational.hpp
glm/ext/scalar_relational.inl
glm/ext/scalar_uint_sized.hpp
glm/ext/scalar_ulp.hpp
glm/ext/scalar_ulp.inl
glm/ext/vector_bool1.hpp
glm/ext/vector_bool1_precision.hpp
glm/ext/vector_bool2.hpp
glm/ext/vector_bool2_precision.hpp
glm/ext/vector_bool3.hpp
glm/ext/vector_bool3_precision.hpp
glm/ext/vector_bool4.hpp
glm/ext/vector_bool4_precision.hpp
glm/ext/vector_common.hpp
glm/ext/vector_common.inl
glm/ext/vector_double1.hpp
glm/ext/vector_double1_precision.hpp
glm/ext/vector_double2.hpp
glm/ext/vector_double2_precision.hpp
glm/ext/vector_double3.hpp
glm/ext/vector_double3_precision.hpp
glm/ext/vector_double4.hpp
glm/ext/vector_double4_precision.hpp
glm/ext/vector_float1.hpp
glm/ext/vector_float1_precision.hpp
glm/ext/vector_float2.hpp
glm/ext/vector_float2_precision.hpp
glm/ext/vector_float3.hpp
glm/ext/vector_float3_precision.hpp
glm/ext/vector_float4.hpp
glm/ext/vector_float4_precision.hpp
glm/ext/vector_int1.hpp
glm/ext/vector_int1_sized.hpp
glm/ext/vector_int2.hpp
glm/ext/vector_int2_sized.hpp
glm/ext/vector_int3.hpp
glm/ext/vector_int3_sized.hpp
glm/ext/vector_int4.hpp
glm/ext/vector_int4_sized.hpp
glm/ext/vector_integer.hpp
glm/ext/vector_integer.inl
glm/ext/vector_packing.hpp
glm/ext/vector_packing.inl
glm/ext/vector_reciprocal.hpp
glm/ext/vector_reciprocal.inl
glm/ext/vector_relational.hpp
glm/ext/vector_relational.inl
glm/ext/vector_uint1.hpp
glm/ext/vector_uint1_sized.hpp
glm/ext/vector_uint2.hpp
glm/ext/vector_uint2_sized.hpp
glm/ext/vector_uint3.hpp
glm/ext/vector_uint3_sized.hpp
glm/ext/vector_uint4.hpp
glm/ext/vector_uint4_sized.hpp
glm/ext/vector_ulp.hpp
glm/ext/vector_ulp.inl
glm/fwd.hpp
glm/geometric.hpp
glm/glm.cppm
glm/glm.hpp
glm/gtc/bitfield.hpp
glm/gtc/bitfield.inl
glm/gtc/color_space.hpp
glm/gtc/color_space.inl
glm/gtc/constants.hpp
glm/gtc/constants.inl
glm/gtc/epsilon.hpp
glm/gtc/epsilon.inl
glm/gtc/integer.hpp
glm/gtc/integer.inl
glm/gtc/matrix_access.hpp
glm/gtc/matrix_access.inl
glm/gtc/matrix_integer.hpp
glm/gtc/matrix_inverse.hpp
glm/gtc/matrix_inverse.inl
glm/gtc/matrix_transform.hpp
glm/gtc/matrix_transform.inl
glm/gtc/noise.hpp
glm/gtc/noise.inl
glm/gtc/packing.hpp
glm/gtc/packing.inl
glm/gtc/quaternion.hpp
glm/gtc/quaternion.inl
glm/gtc/quaternion_simd.inl
glm/gtc/random.hpp
glm/gtc/random.inl
glm/gtc/reciprocal.hpp
glm/gtc/round.hpp
glm/gtc/round.inl
glm/gtc/type_aligned.hpp
glm/gtc/type_precision.hpp
glm/gtc/type_precision.inl
glm/gtc/type_ptr.hpp
glm/gtc/type_ptr.inl
glm/gtc/ulp.hpp
glm/gtc/ulp.inl
glm/gtc/vec1.hpp
glm/gtx/associated_min_max.hpp
glm/gtx/associated_min_max.inl
glm/gtx/bit.hpp
glm/gtx/bit.inl
glm/gtx/closest_point.hpp
glm/gtx/closest_point.inl
glm/gtx/color_encoding.hpp
glm/gtx/color_encoding.inl
glm/gtx/color_space.hpp
glm/gtx/color_space.inl
glm/gtx/color_space_YCoCg.hpp
glm/gtx/color_space_YCoCg.inl
glm/gtx/common.hpp
glm/gtx/common.inl
glm/gtx/compatibility.hpp
glm/gtx/compatibility.inl
glm/gtx/component_wise.hpp
glm/gtx/component_wise.inl
glm/gtx/dual_quaternion.hpp
glm/gtx/dual_quaternion.inl
glm/gtx/easing.hpp
glm/gtx/easing.inl
glm/gtx/euler_angles.hpp
glm/gtx/euler_angles.inl
glm/gtx/extend.hpp
glm/gtx/extend.inl
glm/gtx/extended_min_max.hpp
glm/gtx/extended_min_max.inl
glm/gtx/exterior_product.hpp
glm/gtx/exterior_product.inl
glm/gtx/fast_exponential.hpp
glm/gtx/fast_exponential.inl
glm/gtx/fast_square_root.hpp
glm/gtx/fast_square_root.inl
glm/gtx/fast_trigonometry.hpp
glm/gtx/fast_trigonometry.inl
glm/gtx/float_notmalize.inl
glm/gtx/functions.hpp
glm/gtx/functions.inl
glm/gtx/gradient_paint.hpp
glm/gtx/gradient_paint.inl
glm/gtx/handed_coordinate_space.hpp
glm/gtx/handed_coordinate_space.inl
glm/gtx/hash.hpp
glm/gtx/hash.inl
glm/gtx/integer.hpp
glm/gtx/integer.inl
glm/gtx/intersect.hpp
glm/gtx/intersect.inl
glm/gtx/io.hpp
glm/gtx/io.inl
glm/gtx/log_base.hpp
glm/gtx/log_base.inl
glm/gtx/matrix_cross_product.hpp
glm/gtx/matrix_cross_product.inl
glm/gtx/matrix_decompose.hpp
glm/gtx/matrix_decompose.inl
glm/gtx/matrix_factorisation.hpp
glm/gtx/matrix_factorisation.inl
glm/gtx/matrix_interpolation.hpp
glm/gtx/matrix_interpolation.inl
glm/gtx/matrix_major_storage.hpp
glm/gtx/matrix_major_storage.inl
glm/gtx/matrix_operation.hpp
glm/gtx/matrix_operation.inl
glm/gtx/matrix_query.hpp
glm/gtx/matrix_query.inl
glm/gtx/matrix_transform_2d.hpp
glm/gtx/matrix_transform_2d.inl
glm/gtx/mixed_product.hpp
glm/gtx/mixed_product.inl
glm/gtx/norm.hpp
glm/gtx/norm.inl
glm/gtx/normal.hpp
glm/gtx/normal.inl
glm/gtx/normalize_dot.hpp
glm/gtx/normalize_dot.inl
glm/gtx/number_precision.hpp
glm/gtx/optimum_pow.hpp
glm/gtx/optimum_pow.inl
glm/gtx/orthonormalize.hpp
glm/gtx/orthonormalize.inl
glm/gtx/pca.hpp
glm/gtx/pca.inl
glm/gtx/perpendicular.hpp
glm/gtx/perpendicular.inl
glm/gtx/polar_coordinates.hpp
glm/gtx/polar_coordinates.inl
glm/gtx/projection.hpp
glm/gtx/projection.inl
glm/gtx/quaternion.hpp
glm/gtx/quaternion.inl
glm/gtx/range.hpp
glm/gtx/raw_data.hpp
glm/gtx/raw_data.inl
glm/gtx/rotate_normalized_axis.hpp
glm/gtx/rotate_normalized_axis.inl
glm/gtx/rotate_vector.hpp
glm/gtx/rotate_vector.inl
glm/gtx/scalar_multiplication.hpp
glm/gtx/scalar_relational.hpp
glm/gtx/scalar_relational.inl
glm/gtx/spline.hpp
glm/gtx/spline.inl
glm/gtx/std_based_type.hpp
glm/gtx/std_based_type.inl
glm/gtx/string_cast.hpp
glm/gtx/string_cast.inl
glm/gtx/texture.hpp
glm/gtx/texture.inl
glm/gtx/transform.hpp
glm/gtx/transform.inl
glm/gtx/transform2.hpp
glm/gtx/transform2.inl
glm/gtx/type_aligned.hpp
glm/gtx/type_aligned.inl
glm/gtx/type_trait.hpp
glm/gtx/type_trait.inl
glm/gtx/vec_swizzle.hpp
glm/gtx/vector_angle.hpp
glm/gtx/vector_angle.inl
glm/gtx/vector_query.hpp
glm/gtx/vector_query.inl
glm/gtx/wrap.hpp
glm/gtx/wrap.inl
glm/integer.hpp
glm/mat2x2.hpp
glm/mat2x3.hpp
glm/mat2x4.hpp
glm/mat3x2.hpp
glm/mat3x3.hpp
glm/mat3x4.hpp
glm/mat4x2.hpp
glm/mat4x3.hpp
glm/mat4x4.hpp
glm/matrix.hpp
glm/packing.hpp
glm/simd/common.h
glm/simd/exponential.h
glm/simd/geometric.h
glm/simd/integer.h
glm/simd/matrix.h
glm/simd/neon.h
glm/simd/packing.h
glm/simd/platform.h
glm/simd/trigonometric.h
glm/simd/vector_relational.h
glm/trigonometric.hpp
glm/vec2.hpp
glm/vec3.hpp
glm/vec4.hpp
glm/vector_relational.hpp
manual.md
readme.md
test/CMakeLists.txt
test/bug/CMakeLists.txt
test/bug/bug_ms_vec_static.cpp
test/cmake/CMakeLists.txt
test/cmake/test_find_glm.cpp
test/core/CMakeLists.txt
test/core/core_cpp_constexpr.cpp
test/core/core_cpp_defaulted_ctor.cpp
test/core/core_force_aligned_gentypes.cpp
test/core/core_force_arch_unknown.cpp
test/core/core_force_compiler_unknown.cpp
test/core/core_force_ctor_init.cpp
test/core/core_force_depth_zero_to_one.cpp
test/core/core_force_explicit_ctor.cpp
test/core/core_force_inline.cpp
test/core/core_force_left_handed.cpp
test/core/core_force_platform_unknown.cpp
test/core/core_force_pure.cpp
test/core/core_force_quat_wxyz.cpp
test/core/core_force_size_t_length.cpp
test/core/core_force_unrestricted_gentype.cpp
test/core/core_force_xyzw_only.cpp
test/core/core_func_common.cpp
test/core/core_func_exponential.cpp
test/core/core_func_geometric.cpp
test/core/core_func_integer.cpp
test/core/core_func_integer_bit_count.cpp
test/core/core_func_integer_find_lsb.cpp
test/core/core_func_integer_find_msb.cpp
test/core/core_func_matrix.cpp
test/core/core_func_noise.cpp
test/core/core_func_packing.cpp
test/core/core_func_swizzle.cpp
test/core/core_func_trigonometric.cpp
test/core/core_func_vector_relational.cpp
test/core/core_setup_force_cxx03.cpp
test/core/core_setup_force_cxx98.cpp
test/core/core_setup_force_cxx_unknown.cpp
test/core/core_setup_force_size_t_length.cpp
test/core/core_setup_message.cpp
test/core/core_setup_platform_unknown.cpp
test/core/core_setup_precision.cpp
test/core/core_type_aligned.cpp
test/core/core_type_cast.cpp
test/core/core_type_ctor.cpp
test/core/core_type_int.cpp
test/core/core_type_length.cpp
test/core/core_type_mat2x2.cpp
test/core/core_type_mat2x3.cpp
test/core/core_type_mat2x4.cpp
test/core/core_type_mat3x2.cpp
test/core/core_type_mat3x3.cpp
test/core/core_type_mat3x4.cpp
test/core/core_type_mat4x2.cpp
test/core/core_type_mat4x3.cpp
test/core/core_type_mat4x4.cpp
test/core/core_type_vec1.cpp
test/core/core_type_vec2.cpp
test/core/core_type_vec3.cpp
test/core/core_type_vec4.cpp
test/ext/CMakeLists.txt
test/ext/ext_matrix_clip_space.cpp
test/ext/ext_matrix_common.cpp
test/ext/ext_matrix_int2x2_sized.cpp
test/ext/ext_matrix_int2x3_sized.cpp
test/ext/ext_matrix_int2x4_sized.cpp
test/ext/ext_matrix_int3x2_sized.cpp
test/ext/ext_matrix_int3x3_sized.cpp
test/ext/ext_matrix_int3x4_sized.cpp
test/ext/ext_matrix_int4x2_sized.cpp
test/ext/ext_matrix_int4x3_sized.cpp
test/ext/ext_matrix_int4x4_sized.cpp
test/ext/ext_matrix_integer.cpp
test/ext/ext_matrix_projection.cpp
test/ext/ext_matrix_relational.cpp
test/ext/ext_matrix_transform.cpp
test/ext/ext_matrix_uint2x2_sized.cpp
test/ext/ext_matrix_uint2x3_sized.cpp
test/ext/ext_matrix_uint2x4_sized.cpp
test/ext/ext_matrix_uint3x2_sized.cpp
test/ext/ext_matrix_uint3x3_sized.cpp
test/ext/ext_matrix_uint3x4_sized.cpp
test/ext/ext_matrix_uint4x2_sized.cpp
test/ext/ext_matrix_uint4x3_sized.cpp
test/ext/ext_matrix_uint4x4_sized.cpp
test/ext/ext_quaternion_common.cpp
test/ext/ext_quaternion_exponential.cpp
test/ext/ext_quaternion_geometric.cpp
test/ext/ext_quaternion_relational.cpp
test/ext/ext_quaternion_transform.cpp
test/ext/ext_quaternion_trigonometric.cpp
test/ext/ext_quaternion_type.cpp
test/ext/ext_scalar_common.cpp
test/ext/ext_scalar_constants.cpp
test/ext/ext_scalar_int_sized.cpp
test/ext/ext_scalar_integer.cpp
test/ext/ext_scalar_packing.cpp
test/ext/ext_scalar_reciprocal.cpp
test/ext/ext_scalar_relational.cpp
test/ext/ext_scalar_uint_sized.cpp
test/ext/ext_scalar_ulp.cpp
test/ext/ext_vec1.cpp
test/ext/ext_vector_bool1.cpp
test/ext/ext_vector_common.cpp
test/ext/ext_vector_iec559.cpp
test/ext/ext_vector_int1_sized.cpp
test/ext/ext_vector_int2_sized.cpp
test/ext/ext_vector_int3_sized.cpp
test/ext/ext_vector_int4_sized.cpp
test/ext/ext_vector_integer.cpp
test/ext/ext_vector_integer_sized.cpp
test/ext/ext_vector_packing.cpp
test/ext/ext_vector_reciprocal.cpp
test/ext/ext_vector_relational.cpp
test/ext/ext_vector_uint1_sized.cpp
test/ext/ext_vector_uint2_sized.cpp
test/ext/ext_vector_uint3_sized.cpp
test/ext/ext_vector_uint4_sized.cpp
test/ext/ext_vector_ulp.cpp
test/glm.cppcheck
test/gtc/CMakeLists.txt
test/gtc/gtc_bitfield.cpp
test/gtc/gtc_color_space.cpp
test/gtc/gtc_constants.cpp
test/gtc/gtc_epsilon.cpp
test/gtc/gtc_integer.cpp
test/gtc/gtc_matrix_access.cpp
test/gtc/gtc_matrix_integer.cpp
test/gtc/gtc_matrix_inverse.cpp
test/gtc/gtc_matrix_transform.cpp
test/gtc/gtc_noise.cpp
test/gtc/gtc_packing.cpp
test/gtc/gtc_quaternion.cpp
test/gtc/gtc_random.cpp
test/gtc/gtc_reciprocal.cpp
test/gtc/gtc_round.cpp
test/gtc/gtc_type_aligned.cpp
test/gtc/gtc_type_precision.cpp
test/gtc/gtc_type_ptr.cpp
test/gtc/gtc_ulp.cpp
test/gtc/gtc_user_defined_types.cpp
test/gtc/gtc_vec1.cpp
test/gtx/CMakeLists.txt
test/gtx/gtx.cpp
test/gtx/gtx_associated_min_max.cpp
test/gtx/gtx_closest_point.cpp
test/gtx/gtx_color_encoding.cpp
test/gtx/gtx_color_space.cpp
test/gtx/gtx_color_space_YCoCg.cpp
test/gtx/gtx_common.cpp
test/gtx/gtx_compatibility.cpp
test/gtx/gtx_component_wise.cpp
test/gtx/gtx_dual_quaternion.cpp
test/gtx/gtx_easing.cpp
test/gtx/gtx_euler_angle.cpp
test/gtx/gtx_extend.cpp
test/gtx/gtx_extended_min_max.cpp
test/gtx/gtx_extented_min_max.cpp
test/gtx/gtx_exterior_product.cpp
test/gtx/gtx_fast_exponential.cpp
test/gtx/gtx_fast_square_root.cpp
test/gtx/gtx_fast_trigonometry.cpp
test/gtx/gtx_functions.cpp
test/gtx/gtx_gradient_paint.cpp
test/gtx/gtx_handed_coordinate_space.cpp
test/gtx/gtx_hash.cpp
test/gtx/gtx_int_10_10_10_2.cpp
test/gtx/gtx_integer.cpp
test/gtx/gtx_intersect.cpp
test/gtx/gtx_io.cpp
test/gtx/gtx_load.cpp
test/gtx/gtx_log_base.cpp
test/gtx/gtx_matrix_cross_product.cpp
test/gtx/gtx_matrix_decompose.cpp
test/gtx/gtx_matrix_factorisation.cpp
test/gtx/gtx_matrix_interpolation.cpp
test/gtx/gtx_matrix_major_storage.cpp
test/gtx/gtx_matrix_operation.cpp
test/gtx/gtx_matrix_query.cpp
test/gtx/gtx_matrix_transform_2d.cpp
test/gtx/gtx_mixed_product.cpp
test/gtx/gtx_norm.cpp
test/gtx/gtx_normal.cpp
test/gtx/gtx_normalize_dot.cpp
test/gtx/gtx_optimum_pow.cpp
test/gtx/gtx_orthonormalize.cpp
test/gtx/gtx_pca.cpp
test/gtx/gtx_perpendicular.cpp
test/gtx/gtx_polar_coordinates.cpp
test/gtx/gtx_projection.cpp
test/gtx/gtx_quaternion.cpp
test/gtx/gtx_random.cpp
test/gtx/gtx_range.cpp
test/gtx/gtx_rotate_normalized_axis.cpp
test/gtx/gtx_rotate_vector.cpp
test/gtx/gtx_scalar_multiplication.cpp
test/gtx/gtx_scalar_relational.cpp
test/gtx/gtx_simd_mat4.cpp
test/gtx/gtx_simd_vec4.cpp
test/gtx/gtx_spline.cpp
test/gtx/gtx_string_cast.cpp
test/gtx/gtx_texture.cpp
test/gtx/gtx_type_aligned.cpp
test/gtx/gtx_type_trait.cpp
test/gtx/gtx_vec_swizzle.cpp
test/gtx/gtx_vector_angle.cpp
test/gtx/gtx_vector_query.cpp
test/gtx/gtx_wrap.cpp
test/perf/CMakeLists.txt
test/perf/perf_matrix_div.cpp
test/perf/perf_matrix_inverse.cpp
test/perf/perf_matrix_mul.cpp
test/perf/perf_matrix_mul_vector.cpp
test/perf/perf_matrix_transpose.cpp
test/perf/perf_vector_mul_matrix.cpp
util/autoexp.txt
util/autoexp.vc2010.dat
util/glm.natvis
util/usertype.dat
