.editorconfig
.gitattributes
.github/FUNDING.yml
.github/issue_template.md
.github/pull_request_template.md
.github/workflows/build.yml
.github/workflows/scheduled.yml
.github/workflows/static-analysis.yml
.gitignore
LICENSE.txt
backends/imgui_impl_allegro5.cpp
backends/imgui_impl_allegro5.h
backends/imgui_impl_android.cpp
backends/imgui_impl_android.h
backends/imgui_impl_dx10.cpp
backends/imgui_impl_dx10.h
backends/imgui_impl_dx11.cpp
backends/imgui_impl_dx11.h
backends/imgui_impl_dx12.cpp
backends/imgui_impl_dx12.h
backends/imgui_impl_dx9.cpp
backends/imgui_impl_dx9.h
backends/imgui_impl_glfw.cpp
backends/imgui_impl_glfw.h
backends/imgui_impl_glut.cpp
backends/imgui_impl_glut.h
backends/imgui_impl_marmalade.cpp
backends/imgui_impl_marmalade.h
backends/imgui_impl_metal.h
backends/imgui_impl_metal.mm
backends/imgui_impl_opengl2.cpp
backends/imgui_impl_opengl2.h
backends/imgui_impl_opengl3.cpp
backends/imgui_impl_opengl3.h
backends/imgui_impl_opengl3_loader.h
backends/imgui_impl_osx.h
backends/imgui_impl_osx.mm
backends/imgui_impl_sdl.cpp
backends/imgui_impl_sdl.h
backends/imgui_impl_sdlrenderer.cpp
backends/imgui_impl_sdlrenderer.h
backends/imgui_impl_vulkan.cpp
backends/imgui_impl_vulkan.h
backends/imgui_impl_wgpu.cpp
backends/imgui_impl_wgpu.h
backends/imgui_impl_win32.cpp
backends/imgui_impl_win32.h
backends/vulkan/generate_spv.sh
backends/vulkan/glsl_shader.frag
backends/vulkan/glsl_shader.vert
docs/BACKENDS.md
docs/CHANGELOG.txt
docs/EXAMPLES.md
docs/FAQ.md
docs/FONTS.md
docs/README.md
docs/TODO.txt
examples/README.txt
examples/example_allegro5/README.md
examples/example_allegro5/example_allegro5.vcxproj
examples/example_allegro5/example_allegro5.vcxproj.filters
examples/example_allegro5/imconfig_allegro5.h
examples/example_allegro5/main.cpp
examples/example_android_opengl3/CMakeLists.txt
examples/example_android_opengl3/android/.gitignore
examples/example_android_opengl3/android/app/build.gradle
examples/example_android_opengl3/android/app/src/main/AndroidManifest.xml
examples/example_android_opengl3/android/app/src/main/java/MainActivity.kt
examples/example_android_opengl3/android/build.gradle
examples/example_android_opengl3/android/settings.gradle
examples/example_android_opengl3/main.cpp
examples/example_apple_metal/README.md
examples/example_apple_metal/example_apple_metal.xcodeproj/project.pbxproj
examples/example_apple_metal/iOS/Info-iOS.plist
examples/example_apple_metal/iOS/LaunchScreen.storyboard
examples/example_apple_metal/macOS/Info-macOS.plist
examples/example_apple_metal/macOS/MainMenu.storyboard
examples/example_apple_metal/main.mm
examples/example_apple_opengl2/example_apple_opengl2.xcodeproj/project.pbxproj
examples/example_apple_opengl2/main.mm
examples/example_emscripten_opengl3/Makefile
examples/example_emscripten_opengl3/README.md
examples/example_emscripten_opengl3/main.cpp
examples/example_emscripten_opengl3/shell_minimal.html
examples/example_emscripten_wgpu/Makefile
examples/example_emscripten_wgpu/README.md
examples/example_emscripten_wgpu/main.cpp
examples/example_emscripten_wgpu/web/index.html
examples/example_glfw_metal/Makefile
examples/example_glfw_metal/main.mm
examples/example_glfw_opengl2/Makefile
examples/example_glfw_opengl2/build_win32.bat
examples/example_glfw_opengl2/example_glfw_opengl2.vcxproj
examples/example_glfw_opengl2/example_glfw_opengl2.vcxproj.filters
examples/example_glfw_opengl2/main.cpp
examples/example_glfw_opengl3/Makefile
examples/example_glfw_opengl3/build_win32.bat
examples/example_glfw_opengl3/example_glfw_opengl3.vcxproj
examples/example_glfw_opengl3/example_glfw_opengl3.vcxproj.filters
examples/example_glfw_opengl3/main.cpp
examples/example_glfw_vulkan/CMakeLists.txt
examples/example_glfw_vulkan/build_win32.bat
examples/example_glfw_vulkan/build_win64.bat
examples/example_glfw_vulkan/example_glfw_vulkan.vcxproj
examples/example_glfw_vulkan/example_glfw_vulkan.vcxproj.filters
examples/example_glfw_vulkan/main.cpp
examples/example_glut_opengl2/Makefile
examples/example_glut_opengl2/example_glut_opengl2.vcxproj
examples/example_glut_opengl2/example_glut_opengl2.vcxproj.filters
examples/example_glut_opengl2/main.cpp
examples/example_marmalade/data/app.icf
examples/example_marmalade/main.cpp
examples/example_marmalade/marmalade_example.mkb
examples/example_null/Makefile
examples/example_null/build_win32.bat
examples/example_null/main.cpp
examples/example_sdl_directx11/build_win32.bat
examples/example_sdl_directx11/example_sdl_directx11.vcxproj
examples/example_sdl_directx11/example_sdl_directx11.vcxproj.filters
examples/example_sdl_directx11/main.cpp
examples/example_sdl_metal/Makefile
examples/example_sdl_metal/main.mm
examples/example_sdl_opengl2/Makefile
examples/example_sdl_opengl2/README.md
examples/example_sdl_opengl2/build_win32.bat
examples/example_sdl_opengl2/example_sdl_opengl2.vcxproj
examples/example_sdl_opengl2/example_sdl_opengl2.vcxproj.filters
examples/example_sdl_opengl2/main.cpp
examples/example_sdl_opengl3/Makefile
examples/example_sdl_opengl3/README.md
examples/example_sdl_opengl3/build_win32.bat
examples/example_sdl_opengl3/example_sdl_opengl3.vcxproj
examples/example_sdl_opengl3/example_sdl_opengl3.vcxproj.filters
examples/example_sdl_opengl3/main.cpp
examples/example_sdl_sdlrenderer/Makefile
examples/example_sdl_sdlrenderer/README.md
examples/example_sdl_sdlrenderer/build_win32.bat
examples/example_sdl_sdlrenderer/example_sdl_sdlrenderer.vcxproj
examples/example_sdl_sdlrenderer/example_sdl_sdlrenderer.vcxproj.filters
examples/example_sdl_sdlrenderer/main.cpp
examples/example_sdl_vulkan/build_win32.bat
examples/example_sdl_vulkan/example_sdl_vulkan.vcxproj
examples/example_sdl_vulkan/example_sdl_vulkan.vcxproj.filters
examples/example_sdl_vulkan/main.cpp
examples/example_win32_directx10/build_win32.bat
examples/example_win32_directx10/example_win32_directx10.vcxproj
examples/example_win32_directx10/example_win32_directx10.vcxproj.filters
examples/example_win32_directx10/main.cpp
examples/example_win32_directx11/build_win32.bat
examples/example_win32_directx11/example_win32_directx11.vcxproj
examples/example_win32_directx11/example_win32_directx11.vcxproj.filters
examples/example_win32_directx11/main.cpp
examples/example_win32_directx12/build_win32.bat
examples/example_win32_directx12/example_win32_directx12.vcxproj
examples/example_win32_directx12/example_win32_directx12.vcxproj.filters
examples/example_win32_directx12/main.cpp
examples/example_win32_directx9/build_win32.bat
examples/example_win32_directx9/example_win32_directx9.vcxproj
examples/example_win32_directx9/example_win32_directx9.vcxproj.filters
examples/example_win32_directx9/main.cpp
examples/imgui_examples.sln
examples/libs/glfw/COPYING.txt
examples/libs/glfw/include/GLFW/glfw3.h
examples/libs/glfw/include/GLFW/glfw3native.h
examples/libs/glfw/lib-vc2010-32/glfw3.lib
examples/libs/glfw/lib-vc2010-64/glfw3.lib
examples/libs/usynergy/README.txt
examples/libs/usynergy/uSynergy.c
examples/libs/usynergy/uSynergy.h
imconfig.h
imgui.cpp
imgui.h
imgui_demo.cpp
imgui_draw.cpp
imgui_internal.h
imgui_tables.cpp
imgui_widgets.cpp
imstb_rectpack.h
imstb_textedit.h
imstb_truetype.h
misc/README.txt
misc/cpp/README.txt
misc/cpp/imgui_stdlib.cpp
misc/cpp/imgui_stdlib.h
misc/debuggers/README.txt
misc/debuggers/imgui.gdb
misc/debuggers/imgui.natstepfilter
misc/debuggers/imgui.natvis
misc/fonts/Cousine-Regular.ttf
misc/fonts/DroidSans.ttf
misc/fonts/Karla-Regular.ttf
misc/fonts/ProggyClean.ttf
misc/fonts/ProggyTiny.ttf
misc/fonts/Roboto-Medium.ttf
misc/fonts/binary_to_compressed_c.cpp
misc/freetype/README.md
misc/freetype/imgui_freetype.cpp
misc/freetype/imgui_freetype.h
misc/single_file/imgui_single_file.h
