.clang-format
.github/pull_request_template.md
.github/workflows/doc.yml
.github/workflows/linux.yml
.github/workflows/macos.yml
.github/workflows/windows.yml
.gitignore
CMakeLists.txt
CONTRIBUTING.md
ChangeLog.rst
LICENSE.rst
README.rst
doc/CMakeLists.txt
doc/_static/bootstrap.min.js
doc/_static/breathe.css
doc/_static/fonts/glyphicons-halflings-regular.eot
doc/_static/fonts/glyphicons-halflings-regular.svg
doc/_static/fonts/glyphicons-halflings-regular.ttf
doc/_static/fonts/glyphicons-halflings-regular.woff
doc/_templates/layout.html
doc/_templates/search.html
doc/api.rst
doc/basic-bootstrap/README
doc/basic-bootstrap/layout.html
doc/basic-bootstrap/theme.conf
doc/bootstrap/alerts.less
doc/bootstrap/badges.less
doc/bootstrap/bootstrap.less
doc/bootstrap/breadcrumbs.less
doc/bootstrap/button-groups.less
doc/bootstrap/buttons.less
doc/bootstrap/carousel.less
doc/bootstrap/close.less
doc/bootstrap/code.less
doc/bootstrap/component-animations.less
doc/bootstrap/dropdowns.less
doc/bootstrap/forms.less
doc/bootstrap/glyphicons.less
doc/bootstrap/grid.less
doc/bootstrap/input-groups.less
doc/bootstrap/jumbotron.less
doc/bootstrap/labels.less
doc/bootstrap/list-group.less
doc/bootstrap/media.less
doc/bootstrap/mixins.less
doc/bootstrap/mixins/alerts.less
doc/bootstrap/mixins/background-variant.less
doc/bootstrap/mixins/border-radius.less
doc/bootstrap/mixins/buttons.less
doc/bootstrap/mixins/center-block.less
doc/bootstrap/mixins/clearfix.less
doc/bootstrap/mixins/forms.less
doc/bootstrap/mixins/gradients.less
doc/bootstrap/mixins/grid-framework.less
doc/bootstrap/mixins/grid.less
doc/bootstrap/mixins/hide-text.less
doc/bootstrap/mixins/image.less
doc/bootstrap/mixins/labels.less
doc/bootstrap/mixins/list-group.less
doc/bootstrap/mixins/nav-divider.less
doc/bootstrap/mixins/nav-vertical-align.less
doc/bootstrap/mixins/opacity.less
doc/bootstrap/mixins/pagination.less
doc/bootstrap/mixins/panels.less
doc/bootstrap/mixins/progress-bar.less
doc/bootstrap/mixins/reset-filter.less
doc/bootstrap/mixins/resize.less
doc/bootstrap/mixins/responsive-visibility.less
doc/bootstrap/mixins/size.less
doc/bootstrap/mixins/tab-focus.less
doc/bootstrap/mixins/table-row.less
doc/bootstrap/mixins/text-emphasis.less
doc/bootstrap/mixins/text-overflow.less
doc/bootstrap/mixins/vendor-prefixes.less
doc/bootstrap/modals.less
doc/bootstrap/navbar.less
doc/bootstrap/navs.less
doc/bootstrap/normalize.less
doc/bootstrap/pager.less
doc/bootstrap/pagination.less
doc/bootstrap/panels.less
doc/bootstrap/popovers.less
doc/bootstrap/print.less
doc/bootstrap/progress-bars.less
doc/bootstrap/responsive-embed.less
doc/bootstrap/responsive-utilities.less
doc/bootstrap/scaffolding.less
doc/bootstrap/tables.less
doc/bootstrap/theme.less
doc/bootstrap/thumbnails.less
doc/bootstrap/tooltip.less
doc/bootstrap/type.less
doc/bootstrap/utilities.less
doc/bootstrap/variables.less
doc/bootstrap/wells.less
doc/build.py
doc/conf.py
doc/contents.rst
doc/fmt.less
doc/index.rst
doc/python-license.txt
doc/syntax.rst
doc/usage.rst
include/fmt/args.h
include/fmt/chrono.h
include/fmt/color.h
include/fmt/compile.h
include/fmt/core.h
include/fmt/format-inl.h
include/fmt/format.h
include/fmt/locale.h
include/fmt/os.h
include/fmt/ostream.h
include/fmt/printf.h
include/fmt/ranges.h
include/fmt/xchar.h
src/fmt.cc
src/format.cc
src/os.cc
support/Android.mk
support/AndroidManifest.xml
support/C++.sublime-syntax
support/README
support/Vagrantfile
support/appveyor-build.py
support/appveyor.yml
support/build-docs.py
support/build.gradle
support/cmake/FindSetEnv.cmake
support/cmake/JoinPaths.cmake
support/cmake/cxx14.cmake
support/cmake/fmt-config.cmake.in
support/cmake/fmt.pc.in
support/compute-powers.py
support/docopt.py
support/manage.py
support/rst2md.py
support/rtd/conf.py
support/rtd/index.rst
support/rtd/theme/layout.html
support/rtd/theme/theme.conf
test/CMakeLists.txt
test/add-subdirectory-test/CMakeLists.txt
test/add-subdirectory-test/main.cc
test/args-test.cc
test/assert-test.cc
test/chrono-test.cc
test/color-test.cc
test/compile-error-test/CMakeLists.txt
test/compile-test.cc
test/core-test.cc
test/cuda-test/CMakeLists.txt
test/cuda-test/cpp14.cc
test/cuda-test/cuda-cpp14.cu
test/enforce-checks-test.cc
test/find-package-test/CMakeLists.txt
test/find-package-test/main.cc
test/format
test/format-impl-test.cc
test/format-test.cc
test/fuzzing/.gitignore
test/fuzzing/CMakeLists.txt
test/fuzzing/README.md
test/fuzzing/build.sh
test/fuzzing/chrono-duration.cc
test/fuzzing/float.cc
test/fuzzing/fuzzer-common.h
test/fuzzing/main.cc
test/fuzzing/named-arg.cc
test/fuzzing/one-arg.cc
test/fuzzing/two-args.cc
test/gtest-extra-test.cc
test/gtest-extra.cc
test/gtest-extra.h
test/gtest/.clang-format
test/gtest/CMakeLists.txt
test/gtest/gmock-gtest-all.cc
test/gtest/gmock/gmock.h
test/gtest/gtest/gtest-spi.h
test/gtest/gtest/gtest.h
test/header-only-test.cc
test/mock-allocator.h
test/module-test.cc
test/os-test.cc
test/ostream-test.cc
test/posix-mock-test.cc
test/posix-mock.h
test/printf-test.cc
test/ranges-test.cc
test/scan-test.cc
test/scan.h
test/static-export-test/CMakeLists.txt
test/static-export-test/library.cc
test/static-export-test/main.cc
test/std-format-test.cc
test/test-assert.h
test/test-main.cc
test/unicode-test.cc
test/util.cc
test/util.h
test/xchar-test.cc
