.bazelrc
.bazelversion
.github/FUNDING.yml
.github/workflows/macos.yml
.github/workflows/ubuntu.yml
.github/workflows/windows.yml
.gitignore
BUILD.bazel
CMakeLists.txt
LICENSE
MODULE.bazel
README.md
SECURITY.md
WORKSPACE.bazel
bazel/BUILD.bazel
bazel/copts.bzl
bazel/platforms/BUILD.bazel
cmake/GenPkgConfig/GenPkgConfig.cmake
cmake/GenPkgConfig/ReadMe.md
cmake/GenPkgConfig/UNLICENSE
cmake/GenPkgConfig/buildTimeScripts/getObjectFilesBaseNames.cmake
doc/limitations.md
doc/reference.md
example/CMakeLists.txt
example/enum_flag_example.cpp
example/example.cpp
example/example_containers_array.cpp
example/example_containers_bitset.cpp
example/example_containers_set.cpp
example/example_custom_name.cpp
example/example_nonascii_name.cpp
example/example_switch.cpp
include/magic_enum.hpp
include/magic_enum_all.hpp
include/magic_enum_containers.hpp
include/magic_enum_flags.hpp
include/magic_enum_format.hpp
include/magic_enum_fuse.hpp
include/magic_enum_iostream.hpp
include/magic_enum_switch.hpp
include/magic_enum_utility.hpp
meson.build
meson_options.txt
package.xml
test/.bazelrc
test/3rdparty/Catch2/LICENSE
test/3rdparty/Catch2/include/catch2/catch.hpp
test/BUILD.bazel
test/CMakeLists.txt
test/MODULE.bazel
test/WORKSPACE.bazel
test/meson.build
test/test.cpp
test/test_aliases.cpp
test/test_containers.cpp
test/test_flags.cpp
test/test_nonascii.cpp
test/test_wchar_t.cpp
