.gitignore
CONTRIBUTING.md
LICENSE-APACHE.txt
LICENSE-MIT.txt
LICENSE.spdx
Makefile
README.md
include/pcg_extras.hpp
include/pcg_random.hpp
include/pcg_uint128.hpp
sample/.gitignore
sample/Makefile
sample/codebook.cpp
sample/cppref-sample.cpp
sample/make-partytrick.cpp
sample/pcg-demo.cpp
sample/spew.cpp
sample/use-partytrick.cpp
test-high/.gitignore
test-high/Makefile
test-high/check-pcg128_once_insecure.cpp
test-high/check-pcg128_oneseq_once_insecure.cpp
test-high/check-pcg16_once_insecure.cpp
test-high/check-pcg16_oneseq_once_insecure.cpp
test-high/check-pcg32.cpp
test-high/check-pcg32_c1024.cpp
test-high/check-pcg32_c1024_fast.cpp
test-high/check-pcg32_c64.cpp
test-high/check-pcg32_c64_fast.cpp
test-high/check-pcg32_c64_oneseq.cpp
test-high/check-pcg32_fast.cpp
test-high/check-pcg32_k1024.cpp
test-high/check-pcg32_k1024_fast.cpp
test-high/check-pcg32_k16384.cpp
test-high/check-pcg32_k16384_fast.cpp
test-high/check-pcg32_k2.cpp
test-high/check-pcg32_k2_fast.cpp
test-high/check-pcg32_k64.cpp
test-high/check-pcg32_k64_fast.cpp
test-high/check-pcg32_k64_oneseq.cpp
test-high/check-pcg32_once_insecure.cpp
test-high/check-pcg32_oneseq.cpp
test-high/check-pcg32_oneseq_once_insecure.cpp
test-high/check-pcg32_unique.cpp
test-high/check-pcg64.cpp
test-high/check-pcg64_c1024.cpp
test-high/check-pcg64_c1024_fast.cpp
test-high/check-pcg64_c32.cpp
test-high/check-pcg64_c32_fast.cpp
test-high/check-pcg64_c32_oneseq.cpp
test-high/check-pcg64_fast.cpp
test-high/check-pcg64_k1024.cpp
test-high/check-pcg64_k1024_fast.cpp
test-high/check-pcg64_k32.cpp
test-high/check-pcg64_k32_fast.cpp
test-high/check-pcg64_k32_oneseq.cpp
test-high/check-pcg64_once_insecure.cpp
test-high/check-pcg64_oneseq.cpp
test-high/check-pcg64_oneseq_once_insecure.cpp
test-high/check-pcg64_unique.cpp
test-high/check-pcg8_once_insecure.cpp
test-high/check-pcg8_oneseq_once_insecure.cpp
test-high/expected/.gitignore
test-high/expected/check-pcg128_once_insecure.out
test-high/expected/check-pcg128_oneseq_once_insecure.out
test-high/expected/check-pcg16_once_insecure.out
test-high/expected/check-pcg16_oneseq_once_insecure.out
test-high/expected/check-pcg32.out
test-high/expected/check-pcg32_c1024.out
test-high/expected/check-pcg32_c1024_fast.out
test-high/expected/check-pcg32_c64.out
test-high/expected/check-pcg32_c64_fast.out
test-high/expected/check-pcg32_c64_oneseq.out
test-high/expected/check-pcg32_fast.out
test-high/expected/check-pcg32_k1024.out
test-high/expected/check-pcg32_k1024_fast.out
test-high/expected/check-pcg32_k16384.out
test-high/expected/check-pcg32_k16384_fast.out
test-high/expected/check-pcg32_k2.out
test-high/expected/check-pcg32_k2_fast.out
test-high/expected/check-pcg32_k64.out
test-high/expected/check-pcg32_k64_fast.out
test-high/expected/check-pcg32_k64_oneseq.out
test-high/expected/check-pcg32_once_insecure.out
test-high/expected/check-pcg32_oneseq.out
test-high/expected/check-pcg32_oneseq_once_insecure.out
test-high/expected/check-pcg64.out
test-high/expected/check-pcg64_c1024.out
test-high/expected/check-pcg64_c1024_fast.out
test-high/expected/check-pcg64_c32.out
test-high/expected/check-pcg64_c32_fast.out
test-high/expected/check-pcg64_c32_oneseq.out
test-high/expected/check-pcg64_fast.out
test-high/expected/check-pcg64_k1024.out
test-high/expected/check-pcg64_k1024_fast.out
test-high/expected/check-pcg64_k32.out
test-high/expected/check-pcg64_k32_fast.out
test-high/expected/check-pcg64_k32_oneseq.out
test-high/expected/check-pcg64_once_insecure.out
test-high/expected/check-pcg64_oneseq.out
test-high/expected/check-pcg64_oneseq_once_insecure.out
test-high/expected/check-pcg8_once_insecure.out
test-high/expected/check-pcg8_oneseq_once_insecure.out
test-high/pcg-test-noadvance.cpp
test-high/pcg-test.cpp
test-high/run-tests.sh
