.clang-format
.clang-tidy
.drone.yml
.github/CODEOWNERS
.github/CONTRIBUTING.md
.github/FUNDING.yml
.github/ISSUE_TEMPLATE/Bug_report.md
.github/ISSUE_TEMPLATE/config.yml
.github/PULL_REQUEST_TEMPLATE.md
.github/SECURITY.md
.github/config.yml
.github/stale.yml
.github/workflows/codeql-analysis.yml
.github/workflows/macos.yml
.github/workflows/ubuntu.yml
.github/workflows/windows.yml
.gitignore
CITATION.cff
CMakeLists.txt
CODE_OF_CONDUCT.md
ChangeLog.md
LICENSE.MIT
Makefile
README.md
appveyor.yml
benchmarks/CMakeLists.txt
benchmarks/src/benchmarks.cpp
cmake/ci.cmake
cmake/config.cmake.in
cmake/download_test_data.cmake
cmake/nlohmann_jsonConfigVersion.cmake.in
cmake/pkg-config.pc.in
doc/Makefile
doc/README.md
doc/avatars.png
doc/docset/Info.plist
doc/docset/Makefile
doc/docset/README.md
doc/docset/docSet.sql
doc/docset/docset.json
doc/docset/icon.png
doc/docset/icon@2x.png
doc/examples/README.cpp
doc/examples/README.output
doc/examples/accept__string.cpp
doc/examples/accept__string.output
doc/examples/array.cpp
doc/examples/array.output
doc/examples/array_t.cpp
doc/examples/array_t.output
doc/examples/at__object_t_key_type.cpp
doc/examples/at__object_t_key_type.output
doc/examples/at__object_t_key_type_const.cpp
doc/examples/at__object_t_key_type_const.output
doc/examples/at__size_type.cpp
doc/examples/at__size_type.output
doc/examples/at__size_type_const.cpp
doc/examples/at__size_type_const.output
doc/examples/at_json_pointer.cpp
doc/examples/at_json_pointer.output
doc/examples/at_json_pointer_const.cpp
doc/examples/at_json_pointer_const.output
doc/examples/back.cpp
doc/examples/back.output
doc/examples/basic_json__CompatibleType.cpp
doc/examples/basic_json__CompatibleType.output
doc/examples/basic_json__InputIt_InputIt.cpp
doc/examples/basic_json__InputIt_InputIt.output
doc/examples/basic_json__basic_json.cpp
doc/examples/basic_json__basic_json.output
doc/examples/basic_json__copyassignment.cpp
doc/examples/basic_json__copyassignment.output
doc/examples/basic_json__list_init_t.cpp
doc/examples/basic_json__list_init_t.output
doc/examples/basic_json__moveconstructor.cpp
doc/examples/basic_json__moveconstructor.output
doc/examples/basic_json__nullptr_t.cpp
doc/examples/basic_json__nullptr_t.output
doc/examples/basic_json__size_type_basic_json.cpp
doc/examples/basic_json__size_type_basic_json.output
doc/examples/basic_json__value.cpp
doc/examples/basic_json__value.output
doc/examples/basic_json__value_ptr.cpp
doc/examples/basic_json__value_ptr.output
doc/examples/basic_json__value_t.cpp
doc/examples/basic_json__value_t.output
doc/examples/begin.cpp
doc/examples/begin.output
doc/examples/binary.cpp
doc/examples/binary.output
doc/examples/binary_t.cpp
doc/examples/binary_t.output
doc/examples/boolean_t.cpp
doc/examples/boolean_t.output
doc/examples/cbegin.cpp
doc/examples/cbegin.output
doc/examples/cend.cpp
doc/examples/cend.output
doc/examples/clear.cpp
doc/examples/clear.output
doc/examples/contains.cpp
doc/examples/contains.output
doc/examples/contains_json_pointer.cpp
doc/examples/contains_json_pointer.output
doc/examples/count.cpp
doc/examples/count.output
doc/examples/crbegin.cpp
doc/examples/crbegin.output
doc/examples/crend.cpp
doc/examples/crend.output
doc/examples/diagnostics_extended.cpp
doc/examples/diagnostics_extended.output
doc/examples/diagnostics_standard.cpp
doc/examples/diagnostics_standard.output
doc/examples/diff.cpp
doc/examples/diff.output
doc/examples/dump.cpp
doc/examples/dump.output
doc/examples/emplace.cpp
doc/examples/emplace.output
doc/examples/emplace_back.cpp
doc/examples/emplace_back.output
doc/examples/empty.cpp
doc/examples/empty.output
doc/examples/end.cpp
doc/examples/end.output
doc/examples/erase__IteratorType.cpp
doc/examples/erase__IteratorType.output
doc/examples/erase__IteratorType_IteratorType.cpp
doc/examples/erase__IteratorType_IteratorType.output
doc/examples/erase__key_type.cpp
doc/examples/erase__key_type.output
doc/examples/erase__size_type.cpp
doc/examples/erase__size_type.output
doc/examples/exception.cpp
doc/examples/exception.output
doc/examples/find__key_type.cpp
doc/examples/find__key_type.output
doc/examples/flatten.cpp
doc/examples/flatten.output
doc/examples/from_bson.cpp
doc/examples/from_bson.output
doc/examples/from_cbor.cpp
doc/examples/from_cbor.output
doc/examples/from_msgpack.cpp
doc/examples/from_msgpack.output
doc/examples/from_ubjson.cpp
doc/examples/from_ubjson.output
doc/examples/front.cpp
doc/examples/front.output
doc/examples/get__PointerType.cpp
doc/examples/get__PointerType.output
doc/examples/get__ValueType_const.cpp
doc/examples/get__ValueType_const.output
doc/examples/get_binary.cpp
doc/examples/get_binary.output
doc/examples/get_ptr.cpp
doc/examples/get_ptr.output
doc/examples/get_ref.cpp
doc/examples/get_ref.output
doc/examples/get_to.cpp
doc/examples/get_to.output
doc/examples/insert.cpp
doc/examples/insert.output
doc/examples/insert__count.cpp
doc/examples/insert__count.output
doc/examples/insert__ilist.cpp
doc/examples/insert__ilist.output
doc/examples/insert__range.cpp
doc/examples/insert__range.output
doc/examples/insert__range_object.cpp
doc/examples/insert__range_object.output
doc/examples/invalid_iterator.cpp
doc/examples/invalid_iterator.output
doc/examples/is_array.cpp
doc/examples/is_array.output
doc/examples/is_binary.cpp
doc/examples/is_binary.output
doc/examples/is_boolean.cpp
doc/examples/is_boolean.output
doc/examples/is_discarded.cpp
doc/examples/is_discarded.output
doc/examples/is_null.cpp
doc/examples/is_null.output
doc/examples/is_number.cpp
doc/examples/is_number.output
doc/examples/is_number_float.cpp
doc/examples/is_number_float.output
doc/examples/is_number_integer.cpp
doc/examples/is_number_integer.output
doc/examples/is_number_unsigned.cpp
doc/examples/is_number_unsigned.output
doc/examples/is_object.cpp
doc/examples/is_object.output
doc/examples/is_primitive.cpp
doc/examples/is_primitive.output
doc/examples/is_string.cpp
doc/examples/is_string.output
doc/examples/is_structured.cpp
doc/examples/is_structured.output
doc/examples/items.cpp
doc/examples/items.output
doc/examples/iterator_wrapper.cpp
doc/examples/iterator_wrapper.output
doc/examples/json_pointer.cpp
doc/examples/json_pointer.output
doc/examples/json_pointer__back.cpp
doc/examples/json_pointer__back.output
doc/examples/json_pointer__empty.cpp
doc/examples/json_pointer__empty.output
doc/examples/json_pointer__operator_add.cpp
doc/examples/json_pointer__operator_add.output
doc/examples/json_pointer__operator_add_binary.cpp
doc/examples/json_pointer__operator_add_binary.output
doc/examples/json_pointer__parent_pointer.cpp
doc/examples/json_pointer__parent_pointer.output
doc/examples/json_pointer__pop_back.cpp
doc/examples/json_pointer__pop_back.output
doc/examples/json_pointer__push_back.cpp
doc/examples/json_pointer__push_back.output
doc/examples/json_pointer__to_string.cpp
doc/examples/json_pointer__to_string.output
doc/examples/max_size.cpp
doc/examples/max_size.output
doc/examples/merge_patch.cpp
doc/examples/merge_patch.output
doc/examples/meta.cpp
doc/examples/meta.output
doc/examples/number_float_t.cpp
doc/examples/number_float_t.output
doc/examples/number_integer_t.cpp
doc/examples/number_integer_t.output
doc/examples/number_unsigned_t.cpp
doc/examples/number_unsigned_t.output
doc/examples/object.cpp
doc/examples/object.output
doc/examples/object_t.cpp
doc/examples/object_t.output
doc/examples/operator__ValueType.cpp
doc/examples/operator__ValueType.output
doc/examples/operator__equal.cpp
doc/examples/operator__equal.output
doc/examples/operator__equal__nullptr_t.cpp
doc/examples/operator__equal__nullptr_t.output
doc/examples/operator__greater.cpp
doc/examples/operator__greater.output
doc/examples/operator__greaterequal.cpp
doc/examples/operator__greaterequal.output
doc/examples/operator__less.cpp
doc/examples/operator__less.output
doc/examples/operator__lessequal.cpp
doc/examples/operator__lessequal.output
doc/examples/operator__notequal.cpp
doc/examples/operator__notequal.output
doc/examples/operator__notequal__nullptr_t.cpp
doc/examples/operator__notequal__nullptr_t.output
doc/examples/operator__value_t.cpp
doc/examples/operator__value_t.output
doc/examples/operator_deserialize.cpp
doc/examples/operator_deserialize.output
doc/examples/operator_literal_json.cpp
doc/examples/operator_literal_json.output
doc/examples/operator_literal_json_pointer.cpp
doc/examples/operator_literal_json_pointer.output
doc/examples/operator_serialize.cpp
doc/examples/operator_serialize.output
doc/examples/operatorarray__key_type.cpp
doc/examples/operatorarray__key_type.output
doc/examples/operatorarray__key_type_const.cpp
doc/examples/operatorarray__key_type_const.output
doc/examples/operatorarray__size_type.cpp
doc/examples/operatorarray__size_type.output
doc/examples/operatorarray__size_type_const.cpp
doc/examples/operatorarray__size_type_const.output
doc/examples/operatorjson_pointer.cpp
doc/examples/operatorjson_pointer.output
doc/examples/operatorjson_pointer_const.cpp
doc/examples/operatorjson_pointer_const.output
doc/examples/ordered_map.cpp
doc/examples/ordered_map.output
doc/examples/other_error.cpp
doc/examples/other_error.output
doc/examples/out_of_range.cpp
doc/examples/out_of_range.output
doc/examples/parse__allow_exceptions.cpp
doc/examples/parse__allow_exceptions.output
doc/examples/parse__array__parser_callback_t.cpp
doc/examples/parse__array__parser_callback_t.output
doc/examples/parse__contiguouscontainer__parser_callback_t.cpp
doc/examples/parse__contiguouscontainer__parser_callback_t.output
doc/examples/parse__istream__parser_callback_t.cpp
doc/examples/parse__istream__parser_callback_t.output
doc/examples/parse__iterator_pair.cpp
doc/examples/parse__iterator_pair.link
doc/examples/parse__iterator_pair.output
doc/examples/parse__pointers.cpp
doc/examples/parse__pointers.link
doc/examples/parse__pointers.output
doc/examples/parse__string__parser_callback_t.cpp
doc/examples/parse__string__parser_callback_t.output
doc/examples/parse_error.cpp
doc/examples/parse_error.output
doc/examples/patch.cpp
doc/examples/patch.output
doc/examples/push_back.cpp
doc/examples/push_back.output
doc/examples/push_back__initializer_list.cpp
doc/examples/push_back__initializer_list.output
doc/examples/push_back__object_t__value.cpp
doc/examples/push_back__object_t__value.output
doc/examples/rbegin.cpp
doc/examples/rbegin.output
doc/examples/rend.cpp
doc/examples/rend.output
doc/examples/sax_parse.cpp
doc/examples/sax_parse.output
doc/examples/size.cpp
doc/examples/size.output
doc/examples/std_hash.cpp
doc/examples/std_hash.output
doc/examples/std_swap.cpp
doc/examples/std_swap.output
doc/examples/string_t.cpp
doc/examples/string_t.output
doc/examples/swap__array_t.cpp
doc/examples/swap__array_t.output
doc/examples/swap__binary_t.cpp
doc/examples/swap__binary_t.output
doc/examples/swap__object_t.cpp
doc/examples/swap__object_t.output
doc/examples/swap__reference.cpp
doc/examples/swap__reference.output
doc/examples/swap__string_t.cpp
doc/examples/swap__string_t.output
doc/examples/to_bson.cpp
doc/examples/to_bson.output
doc/examples/to_cbor.cpp
doc/examples/to_cbor.output
doc/examples/to_msgpack.cpp
doc/examples/to_msgpack.output
doc/examples/to_string.cpp
doc/examples/to_string.output
doc/examples/to_ubjson.cpp
doc/examples/to_ubjson.output
doc/examples/type.cpp
doc/examples/type.output
doc/examples/type_error.cpp
doc/examples/type_error.output
doc/examples/type_name.cpp
doc/examples/type_name.output
doc/examples/unflatten.cpp
doc/examples/unflatten.output
doc/examples/update.cpp
doc/examples/update.output
doc/examples/update__range.cpp
doc/examples/update__range.output
doc/index.md
doc/json.gif
doc/mkdocs/Makefile
doc/mkdocs/docs/api/adl_serializer/from_json.md
doc/mkdocs/docs/api/adl_serializer/index.md
doc/mkdocs/docs/api/adl_serializer/to_json.md
doc/mkdocs/docs/api/basic_json/accept.md
doc/mkdocs/docs/api/basic_json/array.md
doc/mkdocs/docs/api/basic_json/array_t.md
doc/mkdocs/docs/api/basic_json/at.md
doc/mkdocs/docs/api/basic_json/back.md
doc/mkdocs/docs/api/basic_json/basic_json.md
doc/mkdocs/docs/api/basic_json/begin.md
doc/mkdocs/docs/api/basic_json/binary.md
doc/mkdocs/docs/api/basic_json/binary_t.md
doc/mkdocs/docs/api/basic_json/boolean_t.md
doc/mkdocs/docs/api/basic_json/cbegin.md
doc/mkdocs/docs/api/basic_json/cbor_tag_handler_t.md
doc/mkdocs/docs/api/basic_json/cend.md
doc/mkdocs/docs/api/basic_json/clear.md
doc/mkdocs/docs/api/basic_json/contains.md
doc/mkdocs/docs/api/basic_json/count.md
doc/mkdocs/docs/api/basic_json/crbegin.md
doc/mkdocs/docs/api/basic_json/crend.md
doc/mkdocs/docs/api/basic_json/diff.md
doc/mkdocs/docs/api/basic_json/dump.md
doc/mkdocs/docs/api/basic_json/emplace.md
doc/mkdocs/docs/api/basic_json/emplace_back.md
doc/mkdocs/docs/api/basic_json/empty.md
doc/mkdocs/docs/api/basic_json/end.md
doc/mkdocs/docs/api/basic_json/erase.md
doc/mkdocs/docs/api/basic_json/error_handler_t.md
doc/mkdocs/docs/api/basic_json/exception.md
doc/mkdocs/docs/api/basic_json/find.md
doc/mkdocs/docs/api/basic_json/flatten.md
doc/mkdocs/docs/api/basic_json/from_bson.md
doc/mkdocs/docs/api/basic_json/from_cbor.md
doc/mkdocs/docs/api/basic_json/from_msgpack.md
doc/mkdocs/docs/api/basic_json/from_ubjson.md
doc/mkdocs/docs/api/basic_json/front.md
doc/mkdocs/docs/api/basic_json/get.md
doc/mkdocs/docs/api/basic_json/get_allocator.md
doc/mkdocs/docs/api/basic_json/get_binary.md
doc/mkdocs/docs/api/basic_json/get_ptr.md
doc/mkdocs/docs/api/basic_json/get_ref.md
doc/mkdocs/docs/api/basic_json/get_to.md
doc/mkdocs/docs/api/basic_json/index.md
doc/mkdocs/docs/api/basic_json/input_format_t.md
doc/mkdocs/docs/api/basic_json/insert.md
doc/mkdocs/docs/api/basic_json/invalid_iterator.md
doc/mkdocs/docs/api/basic_json/is_array.md
doc/mkdocs/docs/api/basic_json/is_binary.md
doc/mkdocs/docs/api/basic_json/is_boolean.md
doc/mkdocs/docs/api/basic_json/is_discarded.md
doc/mkdocs/docs/api/basic_json/is_null.md
doc/mkdocs/docs/api/basic_json/is_number.md
doc/mkdocs/docs/api/basic_json/is_number_float.md
doc/mkdocs/docs/api/basic_json/is_number_integer.md
doc/mkdocs/docs/api/basic_json/is_number_unsigned.md
doc/mkdocs/docs/api/basic_json/is_object.md
doc/mkdocs/docs/api/basic_json/is_primitive.md
doc/mkdocs/docs/api/basic_json/is_string.md
doc/mkdocs/docs/api/basic_json/is_structured.md
doc/mkdocs/docs/api/basic_json/items.md
doc/mkdocs/docs/api/basic_json/json_serializer.md
doc/mkdocs/docs/api/basic_json/max_size.md
doc/mkdocs/docs/api/basic_json/merge_patch.md
doc/mkdocs/docs/api/basic_json/meta.md
doc/mkdocs/docs/api/basic_json/number_float_t.md
doc/mkdocs/docs/api/basic_json/number_integer_t.md
doc/mkdocs/docs/api/basic_json/number_unsigned_t.md
doc/mkdocs/docs/api/basic_json/object.md
doc/mkdocs/docs/api/basic_json/object_comparator_t.md
doc/mkdocs/docs/api/basic_json/object_t.md
doc/mkdocs/docs/api/basic_json/operator+=.md
doc/mkdocs/docs/api/basic_json/operator=.md
doc/mkdocs/docs/api/basic_json/operator[].md
doc/mkdocs/docs/api/basic_json/operator_ValueType.md
doc/mkdocs/docs/api/basic_json/operator_eq.md
doc/mkdocs/docs/api/basic_json/operator_ge.md
doc/mkdocs/docs/api/basic_json/operator_gt.md
doc/mkdocs/docs/api/basic_json/operator_gtgt.md
doc/mkdocs/docs/api/basic_json/operator_le.md
doc/mkdocs/docs/api/basic_json/operator_literal_json.md
doc/mkdocs/docs/api/basic_json/operator_literal_json_pointer.md
doc/mkdocs/docs/api/basic_json/operator_lt.md
doc/mkdocs/docs/api/basic_json/operator_ltlt.md
doc/mkdocs/docs/api/basic_json/operator_ne.md
doc/mkdocs/docs/api/basic_json/operator_value_t.md
doc/mkdocs/docs/api/basic_json/other_error.md
doc/mkdocs/docs/api/basic_json/out_of_range.md
doc/mkdocs/docs/api/basic_json/parse.md
doc/mkdocs/docs/api/basic_json/parse_error.md
doc/mkdocs/docs/api/basic_json/parse_event_t.md
doc/mkdocs/docs/api/basic_json/parser_callback_t.md
doc/mkdocs/docs/api/basic_json/patch.md
doc/mkdocs/docs/api/basic_json/push_back.md
doc/mkdocs/docs/api/basic_json/rbegin.md
doc/mkdocs/docs/api/basic_json/rend.md
doc/mkdocs/docs/api/basic_json/sax_parse.md
doc/mkdocs/docs/api/basic_json/size.md
doc/mkdocs/docs/api/basic_json/std_hash.md
doc/mkdocs/docs/api/basic_json/std_swap.md
doc/mkdocs/docs/api/basic_json/string_t.md
doc/mkdocs/docs/api/basic_json/swap.md
doc/mkdocs/docs/api/basic_json/to_bson.md
doc/mkdocs/docs/api/basic_json/to_cbor.md
doc/mkdocs/docs/api/basic_json/to_msgpack.md
doc/mkdocs/docs/api/basic_json/to_string.md
doc/mkdocs/docs/api/basic_json/to_ubjson.md
doc/mkdocs/docs/api/basic_json/type.md
doc/mkdocs/docs/api/basic_json/type_error.md
doc/mkdocs/docs/api/basic_json/type_name.md
doc/mkdocs/docs/api/basic_json/unflatten.md
doc/mkdocs/docs/api/basic_json/update.md
doc/mkdocs/docs/api/basic_json/value.md
doc/mkdocs/docs/api/basic_json/value_t.md
doc/mkdocs/docs/api/basic_json/~basic_json.md
doc/mkdocs/docs/api/byte_container_with_subtype/byte_container_with_subtype.md
doc/mkdocs/docs/api/byte_container_with_subtype/clear_subtype.md
doc/mkdocs/docs/api/byte_container_with_subtype/has_subtype.md
doc/mkdocs/docs/api/byte_container_with_subtype/index.md
doc/mkdocs/docs/api/byte_container_with_subtype/set_subtype.md
doc/mkdocs/docs/api/byte_container_with_subtype/subtype.md
doc/mkdocs/docs/api/json.md
doc/mkdocs/docs/api/json_pointer/back.md
doc/mkdocs/docs/api/json_pointer/empty.md
doc/mkdocs/docs/api/json_pointer/index.md
doc/mkdocs/docs/api/json_pointer/json_pointer.md
doc/mkdocs/docs/api/json_pointer/operator_slash.md
doc/mkdocs/docs/api/json_pointer/operator_slasheq.md
doc/mkdocs/docs/api/json_pointer/operator_string.md
doc/mkdocs/docs/api/json_pointer/parent_pointer.md
doc/mkdocs/docs/api/json_pointer/pop_back.md
doc/mkdocs/docs/api/json_pointer/push_back.md
doc/mkdocs/docs/api/json_pointer/to_string.md
doc/mkdocs/docs/api/json_sax/binary.md
doc/mkdocs/docs/api/json_sax/boolean.md
doc/mkdocs/docs/api/json_sax/end_array.md
doc/mkdocs/docs/api/json_sax/end_object.md
doc/mkdocs/docs/api/json_sax/index.md
doc/mkdocs/docs/api/json_sax/key.md
doc/mkdocs/docs/api/json_sax/null.md
doc/mkdocs/docs/api/json_sax/number_float.md
doc/mkdocs/docs/api/json_sax/number_integer.md
doc/mkdocs/docs/api/json_sax/number_unsigned.md
doc/mkdocs/docs/api/json_sax/parse_error.md
doc/mkdocs/docs/api/json_sax/start_array.md
doc/mkdocs/docs/api/json_sax/start_object.md
doc/mkdocs/docs/api/json_sax/string.md
doc/mkdocs/docs/api/macros/index.md
doc/mkdocs/docs/api/macros/json_assert.md
doc/mkdocs/docs/api/ordered_json.md
doc/mkdocs/docs/api/ordered_map.md
doc/mkdocs/docs/features/arbitrary_types.md
doc/mkdocs/docs/features/binary_formats/bson.md
doc/mkdocs/docs/features/binary_formats/cbor.md
doc/mkdocs/docs/features/binary_formats/index.md
doc/mkdocs/docs/features/binary_formats/messagepack.md
doc/mkdocs/docs/features/binary_formats/ubjson.md
doc/mkdocs/docs/features/binary_values.md
doc/mkdocs/docs/features/comments.md
doc/mkdocs/docs/features/element_access/checked_access.md
doc/mkdocs/docs/features/element_access/default_value.md
doc/mkdocs/docs/features/element_access/index.md
doc/mkdocs/docs/features/element_access/unchecked_access.md
doc/mkdocs/docs/features/enum_conversion.md
doc/mkdocs/docs/features/iterators.md
doc/mkdocs/docs/features/json_patch.md
doc/mkdocs/docs/features/json_pointer.md
doc/mkdocs/docs/features/macros.md
doc/mkdocs/docs/features/merge_patch.md
doc/mkdocs/docs/features/object_order.md
doc/mkdocs/docs/features/parsing/index.md
doc/mkdocs/docs/features/parsing/parse_exceptions.md
doc/mkdocs/docs/features/parsing/parser_callbacks.md
doc/mkdocs/docs/features/parsing/sax_interface.md
doc/mkdocs/docs/features/types/index.md
doc/mkdocs/docs/features/types/number_handling.md
doc/mkdocs/docs/home/code_of_conduct.md
doc/mkdocs/docs/home/design_goals.md
doc/mkdocs/docs/home/exceptions.md
doc/mkdocs/docs/home/faq.md
doc/mkdocs/docs/home/license.md
doc/mkdocs/docs/home/releases.md
doc/mkdocs/docs/home/sponsors.md
doc/mkdocs/docs/images/callback_events.png
doc/mkdocs/docs/images/json_syntax_number.png
doc/mkdocs/docs/images/range-begin-end.svg
doc/mkdocs/docs/images/range-rbegin-rend.svg
doc/mkdocs/docs/index.md
doc/mkdocs/docs/integration/cmake.md
doc/mkdocs/docs/integration/conan/CMakeLists.txt
doc/mkdocs/docs/integration/conan/Conanfile.txt
doc/mkdocs/docs/integration/conan/example.cpp
doc/mkdocs/docs/integration/example.cpp
doc/mkdocs/docs/integration/index.md
doc/mkdocs/docs/integration/package_managers.md
doc/mkdocs/docs/integration/pkg-config.md
doc/mkdocs/docs/integration/vcpkg/CMakeLists.txt
doc/mkdocs/docs/integration/vcpkg/example.cpp
doc/mkdocs/mkdocs.yml
doc/mkdocs/requirements.txt
doc/mkdocs/scripts/check_structure.py
doc/usages/ios.png
doc/usages/macos.png
include/nlohmann/adl_serializer.hpp
include/nlohmann/byte_container_with_subtype.hpp
include/nlohmann/detail/conversions/from_json.hpp
include/nlohmann/detail/conversions/to_chars.hpp
include/nlohmann/detail/conversions/to_json.hpp
include/nlohmann/detail/exceptions.hpp
include/nlohmann/detail/hash.hpp
include/nlohmann/detail/input/binary_reader.hpp
include/nlohmann/detail/input/input_adapters.hpp
include/nlohmann/detail/input/json_sax.hpp
include/nlohmann/detail/input/lexer.hpp
include/nlohmann/detail/input/parser.hpp
include/nlohmann/detail/input/position_t.hpp
include/nlohmann/detail/iterators/internal_iterator.hpp
include/nlohmann/detail/iterators/iter_impl.hpp
include/nlohmann/detail/iterators/iteration_proxy.hpp
include/nlohmann/detail/iterators/iterator_traits.hpp
include/nlohmann/detail/iterators/json_reverse_iterator.hpp
include/nlohmann/detail/iterators/primitive_iterator.hpp
include/nlohmann/detail/json_pointer.hpp
include/nlohmann/detail/json_ref.hpp
include/nlohmann/detail/macro_scope.hpp
include/nlohmann/detail/macro_unscope.hpp
include/nlohmann/detail/meta/call_std/begin.hpp
include/nlohmann/detail/meta/call_std/end.hpp
include/nlohmann/detail/meta/cpp_future.hpp
include/nlohmann/detail/meta/detected.hpp
include/nlohmann/detail/meta/identity_tag.hpp
include/nlohmann/detail/meta/is_sax.hpp
include/nlohmann/detail/meta/type_traits.hpp
include/nlohmann/detail/meta/void_t.hpp
include/nlohmann/detail/output/binary_writer.hpp
include/nlohmann/detail/output/output_adapters.hpp
include/nlohmann/detail/output/serializer.hpp
include/nlohmann/detail/string_escape.hpp
include/nlohmann/detail/value_t.hpp
include/nlohmann/json.hpp
include/nlohmann/json_fwd.hpp
include/nlohmann/ordered_map.hpp
include/nlohmann/thirdparty/hedley/hedley.hpp
include/nlohmann/thirdparty/hedley/hedley_undef.hpp
meson.build
nlohmann_json.natvis
single_include/nlohmann/json.hpp
test/CMakeLists.txt
test/Makefile
test/cmake_add_subdirectory/CMakeLists.txt
test/cmake_add_subdirectory/project/CMakeLists.txt
test/cmake_add_subdirectory/project/main.cpp
test/cmake_fetch_content/CMakeLists.txt
test/cmake_fetch_content/project/CMakeLists.txt
test/cmake_fetch_content/project/main.cpp
test/cmake_import/CMakeLists.txt
test/cmake_import/project/CMakeLists.txt
test/cmake_import/project/main.cpp
test/cmake_import_minver/CMakeLists.txt
test/cmake_import_minver/project/CMakeLists.txt
test/cmake_import_minver/project/main.cpp
test/cmake_target_include_directories/CMakeLists.txt
test/cmake_target_include_directories/project/Bar.cpp
test/cmake_target_include_directories/project/Bar.hpp
test/cmake_target_include_directories/project/CMakeLists.txt
test/cmake_target_include_directories/project/Foo.cpp
test/cmake_target_include_directories/project/Foo.hpp
test/cmake_target_include_directories/project/main.cpp
test/cuda_example/CMakeLists.txt
test/cuda_example/json_cuda.cu
test/reports/2016-08-29-fuzz/exec_speed.png
test/reports/2016-08-29-fuzz/fuzz.tiff
test/reports/2016-08-29-fuzz/high_freq.png
test/reports/2016-08-29-fuzz/index.html
test/reports/2016-08-29-fuzz/low_freq.png
test/reports/2016-09-09-nativejson_benchmark/README.md
test/reports/2016-09-09-nativejson_benchmark/conformance_Nlohmann (C++11).md
test/reports/2016-09-09-nativejson_benchmark/conformance_overall_Result.png
test/reports/2016-09-09-nativejson_benchmark/performance_Corei7-4980HQ@2.80GHz_mac64_clang7.0_1._Parse_Memory_(byte).png
test/reports/2016-09-09-nativejson_benchmark/performance_Corei7-4980HQ@2.80GHz_mac64_clang7.0_1._Parse_Time_(ms).png
test/reports/2016-09-09-nativejson_benchmark/performance_Corei7-4980HQ@2.80GHz_mac64_clang7.0_2._Stringify_Time_(ms).png
test/reports/2016-09-09-nativejson_benchmark/performance_Corei7-4980HQ@2.80GHz_mac64_clang7.0_3._Prettify_Time_(ms).png
test/reports/2016-09-09-nativejson_benchmark/performance_Corei7-4980HQ@2.80GHz_mac64_clang7.0_7._Code_size_FileSize_(byte).png
test/reports/2016-10-02-fuzz/exec_speed.png
test/reports/2016-10-02-fuzz/fuzz.tiff
test/reports/2016-10-02-fuzz/high_freq.png
test/reports/2016-10-02-fuzz/index.html
test/reports/2016-10-02-fuzz/low_freq.png
test/src/fuzzer-driver_afl.cpp
test/src/fuzzer-parse_bson.cpp
test/src/fuzzer-parse_cbor.cpp
test/src/fuzzer-parse_json.cpp
test/src/fuzzer-parse_msgpack.cpp
test/src/fuzzer-parse_ubjson.cpp
test/src/test_utils.hpp
test/src/unit-algorithms.cpp
test/src/unit-allocator.cpp
test/src/unit-alt-string.cpp
test/src/unit-assert_macro.cpp
test/src/unit-bson.cpp
test/src/unit-byte_container_with_subtype.cpp
test/src/unit-capacity.cpp
test/src/unit-cbor.cpp
test/src/unit-class_const_iterator.cpp
test/src/unit-class_iterator.cpp
test/src/unit-class_lexer.cpp
test/src/unit-class_parser.cpp
test/src/unit-comparison.cpp
test/src/unit-concepts.cpp
test/src/unit-constructor1.cpp
test/src/unit-constructor2.cpp
test/src/unit-convenience.cpp
test/src/unit-conversions.cpp
test/src/unit-deserialization.cpp
test/src/unit-diagnostics.cpp
test/src/unit-disabled_exceptions.cpp
test/src/unit-element_access1.cpp
test/src/unit-element_access2.cpp
test/src/unit-hash.cpp
test/src/unit-inspection.cpp
test/src/unit-items.cpp
test/src/unit-iterators1.cpp
test/src/unit-iterators2.cpp
test/src/unit-json_patch.cpp
test/src/unit-json_pointer.cpp
test/src/unit-large_json.cpp
test/src/unit-merge_patch.cpp
test/src/unit-meta.cpp
test/src/unit-modifiers.cpp
test/src/unit-msgpack.cpp
test/src/unit-noexcept.cpp
test/src/unit-ordered_json.cpp
test/src/unit-ordered_map.cpp
test/src/unit-pointer_access.cpp
test/src/unit-readme.cpp
test/src/unit-reference_access.cpp
test/src/unit-regression1.cpp
test/src/unit-regression2.cpp
test/src/unit-serialization.cpp
test/src/unit-testsuites.cpp
test/src/unit-to_chars.cpp
test/src/unit-ubjson.cpp
test/src/unit-udt.cpp
test/src/unit-udt_macro.cpp
test/src/unit-unicode1.cpp
test/src/unit-unicode2.cpp
test/src/unit-unicode3.cpp
test/src/unit-unicode4.cpp
test/src/unit-unicode5.cpp
test/src/unit-user_defined_input.cpp
test/src/unit-wstring.cpp
test/src/unit.cpp
test/thirdparty/Fuzzer/CMakeLists.txt
test/thirdparty/Fuzzer/FuzzerCorpus.h
test/thirdparty/Fuzzer/FuzzerCrossOver.cpp
test/thirdparty/Fuzzer/FuzzerDefs.h
test/thirdparty/Fuzzer/FuzzerDictionary.h
test/thirdparty/Fuzzer/FuzzerDriver.cpp
test/thirdparty/Fuzzer/FuzzerExtFunctions.def
test/thirdparty/Fuzzer/FuzzerExtFunctions.h
test/thirdparty/Fuzzer/FuzzerExtFunctionsDlsym.cpp
test/thirdparty/Fuzzer/FuzzerExtFunctionsWeak.cpp
test/thirdparty/Fuzzer/FuzzerExtFunctionsWeakAlias.cpp
test/thirdparty/Fuzzer/FuzzerFlags.def
test/thirdparty/Fuzzer/FuzzerIO.cpp
test/thirdparty/Fuzzer/FuzzerIO.h
test/thirdparty/Fuzzer/FuzzerIOPosix.cpp
test/thirdparty/Fuzzer/FuzzerIOWindows.cpp
test/thirdparty/Fuzzer/FuzzerInterface.h
test/thirdparty/Fuzzer/FuzzerInternal.h
test/thirdparty/Fuzzer/FuzzerLoop.cpp
test/thirdparty/Fuzzer/FuzzerMain.cpp
test/thirdparty/Fuzzer/FuzzerMerge.cpp
test/thirdparty/Fuzzer/FuzzerMerge.h
test/thirdparty/Fuzzer/FuzzerMutate.cpp
test/thirdparty/Fuzzer/FuzzerMutate.h
test/thirdparty/Fuzzer/FuzzerOptions.h
test/thirdparty/Fuzzer/FuzzerRandom.h
test/thirdparty/Fuzzer/FuzzerSHA1.cpp
test/thirdparty/Fuzzer/FuzzerSHA1.h
test/thirdparty/Fuzzer/FuzzerTracePC.cpp
test/thirdparty/Fuzzer/FuzzerTracePC.h
test/thirdparty/Fuzzer/FuzzerTraceState.cpp
test/thirdparty/Fuzzer/FuzzerUtil.cpp
test/thirdparty/Fuzzer/FuzzerUtil.h
test/thirdparty/Fuzzer/FuzzerUtilDarwin.cpp
test/thirdparty/Fuzzer/FuzzerUtilLinux.cpp
test/thirdparty/Fuzzer/FuzzerUtilPosix.cpp
test/thirdparty/Fuzzer/FuzzerUtilWindows.cpp
test/thirdparty/Fuzzer/FuzzerValueBitMap.h
test/thirdparty/Fuzzer/README.txt
test/thirdparty/Fuzzer/afl/afl_driver.cpp
test/thirdparty/Fuzzer/build.sh
test/thirdparty/Fuzzer/cxx.dict
test/thirdparty/Fuzzer/standalone/StandaloneFuzzTargetMain.c
test/thirdparty/Fuzzer/test/AFLDriverTest.cpp
test/thirdparty/Fuzzer/test/AbsNegAndConstant64Test.cpp
test/thirdparty/Fuzzer/test/AbsNegAndConstantTest.cpp
test/thirdparty/Fuzzer/test/AccumulateAllocationsTest.cpp
test/thirdparty/Fuzzer/test/BufferOverflowOnInput.cpp
test/thirdparty/Fuzzer/test/CMakeLists.txt
test/thirdparty/Fuzzer/test/CallerCalleeTest.cpp
test/thirdparty/Fuzzer/test/CounterTest.cpp
test/thirdparty/Fuzzer/test/CustomCrossOverTest.cpp
test/thirdparty/Fuzzer/test/CustomMutatorTest.cpp
test/thirdparty/Fuzzer/test/DSO1.cpp
test/thirdparty/Fuzzer/test/DSO2.cpp
test/thirdparty/Fuzzer/test/DSOTestExtra.cpp
test/thirdparty/Fuzzer/test/DSOTestMain.cpp
test/thirdparty/Fuzzer/test/DivTest.cpp
test/thirdparty/Fuzzer/test/EmptyTest.cpp
test/thirdparty/Fuzzer/test/FourIndependentBranchesTest.cpp
test/thirdparty/Fuzzer/test/FullCoverageSetTest.cpp
test/thirdparty/Fuzzer/test/FuzzerUnittest.cpp
test/thirdparty/Fuzzer/test/InitializeTest.cpp
test/thirdparty/Fuzzer/test/LeakTest.cpp
test/thirdparty/Fuzzer/test/LeakTimeoutTest.cpp
test/thirdparty/Fuzzer/test/LoadTest.cpp
test/thirdparty/Fuzzer/test/MemcmpTest.cpp
test/thirdparty/Fuzzer/test/NthRunCrashTest.cpp
test/thirdparty/Fuzzer/test/NullDerefOnEmptyTest.cpp
test/thirdparty/Fuzzer/test/NullDerefTest.cpp
test/thirdparty/Fuzzer/test/OneHugeAllocTest.cpp
test/thirdparty/Fuzzer/test/OutOfMemorySingleLargeMallocTest.cpp
test/thirdparty/Fuzzer/test/OutOfMemoryTest.cpp
test/thirdparty/Fuzzer/test/RepeatedBytesTest.cpp
test/thirdparty/Fuzzer/test/RepeatedMemcmp.cpp
test/thirdparty/Fuzzer/test/ShrinkControlFlowTest.cpp
test/thirdparty/Fuzzer/test/ShrinkValueProfileTest.cpp
test/thirdparty/Fuzzer/test/SignedIntOverflowTest.cpp
test/thirdparty/Fuzzer/test/SimpleCmpTest.cpp
test/thirdparty/Fuzzer/test/SimpleDictionaryTest.cpp
test/thirdparty/Fuzzer/test/SimpleHashTest.cpp
test/thirdparty/Fuzzer/test/SimpleTest.cpp
test/thirdparty/Fuzzer/test/SimpleThreadedTest.cpp
test/thirdparty/Fuzzer/test/SingleMemcmpTest.cpp
test/thirdparty/Fuzzer/test/SingleStrcmpTest.cpp
test/thirdparty/Fuzzer/test/SingleStrncmpTest.cpp
test/thirdparty/Fuzzer/test/SpamyTest.cpp
test/thirdparty/Fuzzer/test/StrcmpTest.cpp
test/thirdparty/Fuzzer/test/StrncmpOOBTest.cpp
test/thirdparty/Fuzzer/test/StrncmpTest.cpp
test/thirdparty/Fuzzer/test/StrstrTest.cpp
test/thirdparty/Fuzzer/test/SwapCmpTest.cpp
test/thirdparty/Fuzzer/test/Switch2Test.cpp
test/thirdparty/Fuzzer/test/SwitchTest.cpp
test/thirdparty/Fuzzer/test/ThreadedLeakTest.cpp
test/thirdparty/Fuzzer/test/ThreadedTest.cpp
test/thirdparty/Fuzzer/test/TimeoutEmptyTest.cpp
test/thirdparty/Fuzzer/test/TimeoutTest.cpp
test/thirdparty/Fuzzer/test/TraceMallocTest.cpp
test/thirdparty/Fuzzer/test/UninstrumentedTest.cpp
test/thirdparty/Fuzzer/test/afl-driver-extra-stats.test
test/thirdparty/Fuzzer/test/afl-driver-stderr.test
test/thirdparty/Fuzzer/test/caller-callee.test
test/thirdparty/Fuzzer/test/coverage.test
test/thirdparty/Fuzzer/test/dict1.txt
test/thirdparty/Fuzzer/test/dump_coverage.test
test/thirdparty/Fuzzer/test/fuzzer-customcrossover.test
test/thirdparty/Fuzzer/test/fuzzer-custommutator.test
test/thirdparty/Fuzzer/test/fuzzer-dict.test
test/thirdparty/Fuzzer/test/fuzzer-dirs.test
test/thirdparty/Fuzzer/test/fuzzer-fdmask.test
test/thirdparty/Fuzzer/test/fuzzer-finalstats.test
test/thirdparty/Fuzzer/test/fuzzer-flags.test
test/thirdparty/Fuzzer/test/fuzzer-jobs.test
test/thirdparty/Fuzzer/test/fuzzer-leak.test
test/thirdparty/Fuzzer/test/fuzzer-oom-with-profile.test
test/thirdparty/Fuzzer/test/fuzzer-oom.test
test/thirdparty/Fuzzer/test/fuzzer-printcovpcs.test
test/thirdparty/Fuzzer/test/fuzzer-runs.test
test/thirdparty/Fuzzer/test/fuzzer-seed.test
test/thirdparty/Fuzzer/test/fuzzer-segv.test
test/thirdparty/Fuzzer/test/fuzzer-singleinputs.test
test/thirdparty/Fuzzer/test/fuzzer-threaded.test
test/thirdparty/Fuzzer/test/fuzzer-timeout.test
test/thirdparty/Fuzzer/test/fuzzer-traces-hooks.test
test/thirdparty/Fuzzer/test/fuzzer-ubsan.test
test/thirdparty/Fuzzer/test/fuzzer.test
test/thirdparty/Fuzzer/test/hi.txt
test/thirdparty/Fuzzer/test/lit.cfg
test/thirdparty/Fuzzer/test/lit.site.cfg.in
test/thirdparty/Fuzzer/test/merge.test
test/thirdparty/Fuzzer/test/minimize_crash.test
test/thirdparty/Fuzzer/test/no-coverage/CMakeLists.txt
test/thirdparty/Fuzzer/test/repeated-bytes.test
test/thirdparty/Fuzzer/test/shrink.test
test/thirdparty/Fuzzer/test/simple-cmp.test
test/thirdparty/Fuzzer/test/standalone.test
test/thirdparty/Fuzzer/test/swap-cmp.test
test/thirdparty/Fuzzer/test/trace-malloc.test
test/thirdparty/Fuzzer/test/ubsan/CMakeLists.txt
test/thirdparty/Fuzzer/test/ulimit.test
test/thirdparty/Fuzzer/test/uninstrumented/CMakeLists.txt
test/thirdparty/Fuzzer/test/unit/lit.cfg
test/thirdparty/Fuzzer/test/unit/lit.site.cfg.in
test/thirdparty/Fuzzer/test/value-profile-cmp.test
test/thirdparty/Fuzzer/test/value-profile-cmp2.test
test/thirdparty/Fuzzer/test/value-profile-cmp3.test
test/thirdparty/Fuzzer/test/value-profile-cmp4.test
test/thirdparty/Fuzzer/test/value-profile-div.test
test/thirdparty/Fuzzer/test/value-profile-load.test
test/thirdparty/Fuzzer/test/value-profile-mem.test
test/thirdparty/Fuzzer/test/value-profile-set.test
test/thirdparty/Fuzzer/test/value-profile-strcmp.test
test/thirdparty/Fuzzer/test/value-profile-strncmp.test
test/thirdparty/Fuzzer/test/value-profile-switch.test
test/thirdparty/doctest/LICENSE.txt
test/thirdparty/doctest/doctest.h
test/thirdparty/doctest/doctest_compatibility.h
test/thirdparty/fifo_map/LICENSE.MIT
test/thirdparty/fifo_map/fifo_map.hpp
test/thirdparty/imapdl/filterbr.py
test/thirdparty/imapdl/gpl-3.0.txt
third_party/amalgamate/CHANGES.md
third_party/amalgamate/LICENSE.md
third_party/amalgamate/README.md
third_party/amalgamate/amalgamate.py
third_party/amalgamate/config.json
third_party/cpplint/LICENSE
third_party/cpplint/README.rst
third_party/cpplint/cpplint.py
third_party/cpplint/update.sh
third_party/gdb_pretty_printer/README.md
third_party/gdb_pretty_printer/nlohmann-json.py
third_party/macro_builder/main.cpp
wsjcpp.yml
