.clang-format
.clang-tidy
.github/CODEOWNERS
.github/CODE_OF_CONDUCT.md
.github/CONTRIBUTING.md
.github/FUNDING.yml
.github/ISSUE_TEMPLATE/bug.yaml
.github/ISSUE_TEMPLATE/config.yml
.github/PULL_REQUEST_TEMPLATE.md
.github/SECURITY.md
.github/config.yml
.github/external_ci/.drone.yml
.github/external_ci/appveyor.yml
.github/stale.yml
.github/workflows/codeql-analysis.yml
.github/workflows/macos.yml
.github/workflows/ubuntu.yml
.github/workflows/windows.yml
.gitignore
.reuse/README.md
.reuse/dep5
.reuse/templates/json.jinja2
.reuse/templates/json_support.jinja2
CITATION.cff
CMakeLists.txt
ChangeLog.md
LICENSE.MIT
LICENSES/Apache-2.0.txt
LICENSES/BSD-3-Clause.txt
LICENSES/GPL-3.0-only.txt
LICENSES/MIT.txt
Makefile
README.md
cmake/ci.cmake
cmake/config.cmake.in
cmake/download_test_data.cmake
cmake/nlohmann_jsonConfigVersion.cmake.in
cmake/pkg-config.pc.in
cmake/test.cmake
docs/Makefile
docs/README.md
docs/avatars.png
docs/docset/Info.plist
docs/docset/Makefile
docs/docset/README.md
docs/docset/docSet.sql
docs/docset/docset.json
docs/docset/icon.png
docs/docset/icon@2x.png
docs/examples/README.cpp
docs/examples/README.output
docs/examples/accept__string.cpp
docs/examples/accept__string.output
docs/examples/array.cpp
docs/examples/array.output
docs/examples/array_t.cpp
docs/examples/array_t.output
docs/examples/at__json_pointer.cpp
docs/examples/at__json_pointer.output
docs/examples/at__json_pointer_const.cpp
docs/examples/at__json_pointer_const.output
docs/examples/at__keytype.c++17.cpp
docs/examples/at__keytype.c++17.output
docs/examples/at__keytype_const.c++17.cpp
docs/examples/at__keytype_const.c++17.output
docs/examples/at__object_t_key_type.cpp
docs/examples/at__object_t_key_type.output
docs/examples/at__object_t_key_type_const.cpp
docs/examples/at__object_t_key_type_const.output
docs/examples/at__size_type.cpp
docs/examples/at__size_type.output
docs/examples/at__size_type_const.cpp
docs/examples/at__size_type_const.output
docs/examples/back.cpp
docs/examples/back.output
docs/examples/basic_json__CompatibleType.cpp
docs/examples/basic_json__CompatibleType.output
docs/examples/basic_json__InputIt_InputIt.cpp
docs/examples/basic_json__InputIt_InputIt.output
docs/examples/basic_json__basic_json.cpp
docs/examples/basic_json__basic_json.output
docs/examples/basic_json__copyassignment.cpp
docs/examples/basic_json__copyassignment.output
docs/examples/basic_json__list_init_t.cpp
docs/examples/basic_json__list_init_t.output
docs/examples/basic_json__moveconstructor.cpp
docs/examples/basic_json__moveconstructor.output
docs/examples/basic_json__nullptr_t.cpp
docs/examples/basic_json__nullptr_t.output
docs/examples/basic_json__size_type_basic_json.cpp
docs/examples/basic_json__size_type_basic_json.output
docs/examples/basic_json__value_t.cpp
docs/examples/basic_json__value_t.output
docs/examples/begin.cpp
docs/examples/begin.output
docs/examples/binary.cpp
docs/examples/binary.output
docs/examples/binary_t.cpp
docs/examples/binary_t.output
docs/examples/boolean_t.cpp
docs/examples/boolean_t.output
docs/examples/byte_container_with_subtype__byte_container_with_subtype.cpp
docs/examples/byte_container_with_subtype__byte_container_with_subtype.output
docs/examples/byte_container_with_subtype__clear_subtype.cpp
docs/examples/byte_container_with_subtype__clear_subtype.output
docs/examples/byte_container_with_subtype__has_subtype.cpp
docs/examples/byte_container_with_subtype__has_subtype.output
docs/examples/byte_container_with_subtype__set_subtype.cpp
docs/examples/byte_container_with_subtype__set_subtype.output
docs/examples/byte_container_with_subtype__subtype.cpp
docs/examples/byte_container_with_subtype__subtype.output
docs/examples/cbegin.cpp
docs/examples/cbegin.output
docs/examples/cbor_tag_handler_t.cpp
docs/examples/cbor_tag_handler_t.output
docs/examples/cend.cpp
docs/examples/cend.output
docs/examples/clear.cpp
docs/examples/clear.output
docs/examples/contains__json_pointer.cpp
docs/examples/contains__json_pointer.output
docs/examples/contains__keytype.c++17.cpp
docs/examples/contains__keytype.c++17.output
docs/examples/contains__object_t_key_type.cpp
docs/examples/contains__object_t_key_type.output
docs/examples/count__keytype.c++17.cpp
docs/examples/count__keytype.c++17.output
docs/examples/count__object_t_key_type.cpp
docs/examples/count__object_t_key_type.output
docs/examples/crbegin.cpp
docs/examples/crbegin.output
docs/examples/crend.cpp
docs/examples/crend.output
docs/examples/default_object_comparator_t.cpp
docs/examples/default_object_comparator_t.output
docs/examples/diagnostics_extended.cpp
docs/examples/diagnostics_extended.output
docs/examples/diagnostics_standard.cpp
docs/examples/diagnostics_standard.output
docs/examples/diff.cpp
docs/examples/diff.output
docs/examples/dump.cpp
docs/examples/dump.output
docs/examples/emplace.cpp
docs/examples/emplace.output
docs/examples/emplace_back.cpp
docs/examples/emplace_back.output
docs/examples/empty.cpp
docs/examples/empty.output
docs/examples/end.cpp
docs/examples/end.output
docs/examples/erase__IteratorType.cpp
docs/examples/erase__IteratorType.output
docs/examples/erase__IteratorType_IteratorType.cpp
docs/examples/erase__IteratorType_IteratorType.output
docs/examples/erase__keytype.c++17.cpp
docs/examples/erase__keytype.c++17.output
docs/examples/erase__object_t_key_type.cpp
docs/examples/erase__object_t_key_type.output
docs/examples/erase__size_type.cpp
docs/examples/erase__size_type.output
docs/examples/error_handler_t.cpp
docs/examples/error_handler_t.output
docs/examples/exception.cpp
docs/examples/exception.output
docs/examples/find__keytype.c++17.cpp
docs/examples/find__keytype.c++17.output
docs/examples/find__object_t_key_type.cpp
docs/examples/find__object_t_key_type.output
docs/examples/flatten.cpp
docs/examples/flatten.output
docs/examples/from_bjdata.cpp
docs/examples/from_bjdata.output
docs/examples/from_bson.cpp
docs/examples/from_bson.output
docs/examples/from_cbor.cpp
docs/examples/from_cbor.output
docs/examples/from_msgpack.cpp
docs/examples/from_msgpack.output
docs/examples/from_ubjson.cpp
docs/examples/from_ubjson.output
docs/examples/front.cpp
docs/examples/front.output
docs/examples/get__PointerType.cpp
docs/examples/get__PointerType.output
docs/examples/get__ValueType_const.cpp
docs/examples/get__ValueType_const.output
docs/examples/get_allocator.cpp
docs/examples/get_allocator.output
docs/examples/get_binary.cpp
docs/examples/get_binary.output
docs/examples/get_ptr.cpp
docs/examples/get_ptr.output
docs/examples/get_ref.cpp
docs/examples/get_ref.output
docs/examples/get_to.cpp
docs/examples/get_to.output
docs/examples/insert.cpp
docs/examples/insert.output
docs/examples/insert__count.cpp
docs/examples/insert__count.output
docs/examples/insert__ilist.cpp
docs/examples/insert__ilist.output
docs/examples/insert__range.cpp
docs/examples/insert__range.output
docs/examples/insert__range_object.cpp
docs/examples/insert__range_object.output
docs/examples/invalid_iterator.cpp
docs/examples/invalid_iterator.output
docs/examples/is_array.cpp
docs/examples/is_array.output
docs/examples/is_binary.cpp
docs/examples/is_binary.output
docs/examples/is_boolean.cpp
docs/examples/is_boolean.output
docs/examples/is_discarded.cpp
docs/examples/is_discarded.output
docs/examples/is_null.cpp
docs/examples/is_null.output
docs/examples/is_number.cpp
docs/examples/is_number.output
docs/examples/is_number_float.cpp
docs/examples/is_number_float.output
docs/examples/is_number_integer.cpp
docs/examples/is_number_integer.output
docs/examples/is_number_unsigned.cpp
docs/examples/is_number_unsigned.output
docs/examples/is_object.cpp
docs/examples/is_object.output
docs/examples/is_primitive.cpp
docs/examples/is_primitive.output
docs/examples/is_string.cpp
docs/examples/is_string.output
docs/examples/is_structured.cpp
docs/examples/is_structured.output
docs/examples/items.cpp
docs/examples/items.output
docs/examples/json_lines.cpp
docs/examples/json_lines.output
docs/examples/json_pointer.cpp
docs/examples/json_pointer.output
docs/examples/json_pointer__back.cpp
docs/examples/json_pointer__back.output
docs/examples/json_pointer__empty.cpp
docs/examples/json_pointer__empty.output
docs/examples/json_pointer__operator_add.cpp
docs/examples/json_pointer__operator_add.output
docs/examples/json_pointer__operator_add_binary.cpp
docs/examples/json_pointer__operator_add_binary.output
docs/examples/json_pointer__operator_string_t.cpp
docs/examples/json_pointer__operator_string_t.output
docs/examples/json_pointer__parent_pointer.cpp
docs/examples/json_pointer__parent_pointer.output
docs/examples/json_pointer__pop_back.cpp
docs/examples/json_pointer__pop_back.output
docs/examples/json_pointer__push_back.cpp
docs/examples/json_pointer__push_back.output
docs/examples/json_pointer__string_t.cpp
docs/examples/json_pointer__string_t.output
docs/examples/json_pointer__to_string.cpp
docs/examples/json_pointer__to_string.output
docs/examples/max_size.cpp
docs/examples/max_size.output
docs/examples/merge_patch.cpp
docs/examples/merge_patch.output
docs/examples/meta.cpp
docs/examples/meta.output
docs/examples/nlohmann_define_type_intrusive_explicit.cpp
docs/examples/nlohmann_define_type_intrusive_explicit.output
docs/examples/nlohmann_define_type_intrusive_macro.cpp
docs/examples/nlohmann_define_type_intrusive_macro.output
docs/examples/nlohmann_define_type_intrusive_with_default_explicit.cpp
docs/examples/nlohmann_define_type_intrusive_with_default_explicit.output
docs/examples/nlohmann_define_type_intrusive_with_default_macro.cpp
docs/examples/nlohmann_define_type_intrusive_with_default_macro.output
docs/examples/nlohmann_define_type_non_intrusive_explicit.cpp
docs/examples/nlohmann_define_type_non_intrusive_explicit.output
docs/examples/nlohmann_define_type_non_intrusive_macro.cpp
docs/examples/nlohmann_define_type_non_intrusive_macro.output
docs/examples/nlohmann_define_type_non_intrusive_with_default_explicit.cpp
docs/examples/nlohmann_define_type_non_intrusive_with_default_explicit.output
docs/examples/nlohmann_define_type_non_intrusive_with_default_macro.cpp
docs/examples/nlohmann_define_type_non_intrusive_with_default_macro.output
docs/examples/nlohmann_json_serialize_enum.cpp
docs/examples/nlohmann_json_serialize_enum.output
docs/examples/nlohmann_json_serialize_enum_2.cpp
docs/examples/nlohmann_json_serialize_enum_2.output
docs/examples/nlohmann_json_version.cpp
docs/examples/nlohmann_json_version.output
docs/examples/number_float_t.cpp
docs/examples/number_float_t.output
docs/examples/number_integer_t.cpp
docs/examples/number_integer_t.output
docs/examples/number_unsigned_t.cpp
docs/examples/number_unsigned_t.output
docs/examples/object.cpp
docs/examples/object.output
docs/examples/object_comparator_t.cpp
docs/examples/object_comparator_t.output
docs/examples/object_t.cpp
docs/examples/object_t.output
docs/examples/operator__ValueType.cpp
docs/examples/operator__ValueType.output
docs/examples/operator__equal.cpp
docs/examples/operator__equal.output
docs/examples/operator__equal__nullptr_t.cpp
docs/examples/operator__equal__nullptr_t.output
docs/examples/operator__equal__specializations.cpp
docs/examples/operator__equal__specializations.output
docs/examples/operator__greater.cpp
docs/examples/operator__greater.output
docs/examples/operator__greaterequal.cpp
docs/examples/operator__greaterequal.output
docs/examples/operator__less.cpp
docs/examples/operator__less.output
docs/examples/operator__lessequal.cpp
docs/examples/operator__lessequal.output
docs/examples/operator__notequal.cpp
docs/examples/operator__notequal.output
docs/examples/operator__notequal__nullptr_t.cpp
docs/examples/operator__notequal__nullptr_t.output
docs/examples/operator__value_t.cpp
docs/examples/operator__value_t.output
docs/examples/operator_array__json_pointer.cpp
docs/examples/operator_array__json_pointer.output
docs/examples/operator_array__json_pointer_const.cpp
docs/examples/operator_array__json_pointer_const.output
docs/examples/operator_array__keytype.c++17.cpp
docs/examples/operator_array__keytype.c++17.output
docs/examples/operator_array__keytype_const.c++17.cpp
docs/examples/operator_array__keytype_const.c++17.output
docs/examples/operator_array__object_t_key_type.cpp
docs/examples/operator_array__object_t_key_type.output
docs/examples/operator_array__object_t_key_type_const.cpp
docs/examples/operator_array__object_t_key_type_const.output
docs/examples/operator_array__size_type.cpp
docs/examples/operator_array__size_type.output
docs/examples/operator_array__size_type_const.cpp
docs/examples/operator_array__size_type_const.output
docs/examples/operator_deserialize.cpp
docs/examples/operator_deserialize.output
docs/examples/operator_literal_json.cpp
docs/examples/operator_literal_json.output
docs/examples/operator_literal_json_pointer.cpp
docs/examples/operator_literal_json_pointer.output
docs/examples/operator_ltlt__basic_json.cpp
docs/examples/operator_ltlt__basic_json.output
docs/examples/operator_ltlt__json_pointer.cpp
docs/examples/operator_ltlt__json_pointer.output
docs/examples/operator_spaceship__const_reference.c++20.cpp
docs/examples/operator_spaceship__const_reference.c++20.output
docs/examples/operator_spaceship__scalartype.c++20.cpp
docs/examples/operator_spaceship__scalartype.c++20.output
docs/examples/ordered_json.cpp
docs/examples/ordered_json.output
docs/examples/ordered_map.cpp
docs/examples/ordered_map.output
docs/examples/other_error.cpp
docs/examples/other_error.output
docs/examples/out_of_range.cpp
docs/examples/out_of_range.output
docs/examples/parse__allow_exceptions.cpp
docs/examples/parse__allow_exceptions.output
docs/examples/parse__array__parser_callback_t.cpp
docs/examples/parse__array__parser_callback_t.output
docs/examples/parse__contiguouscontainer__parser_callback_t.cpp
docs/examples/parse__contiguouscontainer__parser_callback_t.output
docs/examples/parse__istream__parser_callback_t.cpp
docs/examples/parse__istream__parser_callback_t.output
docs/examples/parse__iterator_pair.cpp
docs/examples/parse__iterator_pair.link
docs/examples/parse__iterator_pair.output
docs/examples/parse__pointers.cpp
docs/examples/parse__pointers.link
docs/examples/parse__pointers.output
docs/examples/parse__string__parser_callback_t.cpp
docs/examples/parse__string__parser_callback_t.output
docs/examples/parse_error.cpp
docs/examples/parse_error.output
docs/examples/patch.cpp
docs/examples/patch.output
docs/examples/patch_inplace.cpp
docs/examples/patch_inplace.output
docs/examples/push_back.cpp
docs/examples/push_back.output
docs/examples/push_back__initializer_list.cpp
docs/examples/push_back__initializer_list.output
docs/examples/push_back__object_t__value.cpp
docs/examples/push_back__object_t__value.output
docs/examples/rbegin.cpp
docs/examples/rbegin.output
docs/examples/rend.cpp
docs/examples/rend.output
docs/examples/sax_parse.cpp
docs/examples/sax_parse.output
docs/examples/sax_parse__binary.cpp
docs/examples/sax_parse__binary.output
docs/examples/size.cpp
docs/examples/size.output
docs/examples/std_hash.cpp
docs/examples/std_hash.output
docs/examples/std_swap.cpp
docs/examples/std_swap.output
docs/examples/string_t.cpp
docs/examples/string_t.output
docs/examples/swap__array_t.cpp
docs/examples/swap__array_t.output
docs/examples/swap__binary_t.cpp
docs/examples/swap__binary_t.output
docs/examples/swap__object_t.cpp
docs/examples/swap__object_t.output
docs/examples/swap__reference.cpp
docs/examples/swap__reference.output
docs/examples/swap__string_t.cpp
docs/examples/swap__string_t.output
docs/examples/to_bjdata.cpp
docs/examples/to_bjdata.output
docs/examples/to_bson.cpp
docs/examples/to_bson.output
docs/examples/to_cbor.cpp
docs/examples/to_cbor.output
docs/examples/to_msgpack.cpp
docs/examples/to_msgpack.output
docs/examples/to_string.cpp
docs/examples/to_string.output
docs/examples/to_ubjson.cpp
docs/examples/to_ubjson.output
docs/examples/type.cpp
docs/examples/type.output
docs/examples/type_error.cpp
docs/examples/type_error.output
docs/examples/type_name.cpp
docs/examples/type_name.output
docs/examples/unflatten.cpp
docs/examples/unflatten.output
docs/examples/update.cpp
docs/examples/update.output
docs/examples/update__range.cpp
docs/examples/update__range.output
docs/examples/value__json_ptr.cpp
docs/examples/value__json_ptr.output
docs/examples/value__keytype.c++17.cpp
docs/examples/value__keytype.c++17.output
docs/examples/value__object_t_key_type.cpp
docs/examples/value__object_t_key_type.output
docs/json.gif
docs/mkdocs/Makefile
docs/mkdocs/docs/api/adl_serializer/from_json.md
docs/mkdocs/docs/api/adl_serializer/index.md
docs/mkdocs/docs/api/adl_serializer/to_json.md
docs/mkdocs/docs/api/basic_json/accept.md
docs/mkdocs/docs/api/basic_json/array.md
docs/mkdocs/docs/api/basic_json/array_t.md
docs/mkdocs/docs/api/basic_json/at.md
docs/mkdocs/docs/api/basic_json/back.md
docs/mkdocs/docs/api/basic_json/basic_json.md
docs/mkdocs/docs/api/basic_json/begin.md
docs/mkdocs/docs/api/basic_json/binary.md
docs/mkdocs/docs/api/basic_json/binary_t.md
docs/mkdocs/docs/api/basic_json/boolean_t.md
docs/mkdocs/docs/api/basic_json/cbegin.md
docs/mkdocs/docs/api/basic_json/cbor_tag_handler_t.md
docs/mkdocs/docs/api/basic_json/cend.md
docs/mkdocs/docs/api/basic_json/clear.md
docs/mkdocs/docs/api/basic_json/contains.md
docs/mkdocs/docs/api/basic_json/count.md
docs/mkdocs/docs/api/basic_json/crbegin.md
docs/mkdocs/docs/api/basic_json/crend.md
docs/mkdocs/docs/api/basic_json/default_object_comparator_t.md
docs/mkdocs/docs/api/basic_json/diff.md
docs/mkdocs/docs/api/basic_json/dump.md
docs/mkdocs/docs/api/basic_json/emplace.md
docs/mkdocs/docs/api/basic_json/emplace_back.md
docs/mkdocs/docs/api/basic_json/empty.md
docs/mkdocs/docs/api/basic_json/end.md
docs/mkdocs/docs/api/basic_json/erase.md
docs/mkdocs/docs/api/basic_json/error_handler_t.md
docs/mkdocs/docs/api/basic_json/exception.md
docs/mkdocs/docs/api/basic_json/find.md
docs/mkdocs/docs/api/basic_json/flatten.md
docs/mkdocs/docs/api/basic_json/from_bjdata.md
docs/mkdocs/docs/api/basic_json/from_bson.md
docs/mkdocs/docs/api/basic_json/from_cbor.md
docs/mkdocs/docs/api/basic_json/from_msgpack.md
docs/mkdocs/docs/api/basic_json/from_ubjson.md
docs/mkdocs/docs/api/basic_json/front.md
docs/mkdocs/docs/api/basic_json/get.md
docs/mkdocs/docs/api/basic_json/get_allocator.md
docs/mkdocs/docs/api/basic_json/get_binary.md
docs/mkdocs/docs/api/basic_json/get_ptr.md
docs/mkdocs/docs/api/basic_json/get_ref.md
docs/mkdocs/docs/api/basic_json/get_to.md
docs/mkdocs/docs/api/basic_json/index.md
docs/mkdocs/docs/api/basic_json/input_format_t.md
docs/mkdocs/docs/api/basic_json/insert.md
docs/mkdocs/docs/api/basic_json/invalid_iterator.md
docs/mkdocs/docs/api/basic_json/is_array.md
docs/mkdocs/docs/api/basic_json/is_binary.md
docs/mkdocs/docs/api/basic_json/is_boolean.md
docs/mkdocs/docs/api/basic_json/is_discarded.md
docs/mkdocs/docs/api/basic_json/is_null.md
docs/mkdocs/docs/api/basic_json/is_number.md
docs/mkdocs/docs/api/basic_json/is_number_float.md
docs/mkdocs/docs/api/basic_json/is_number_integer.md
docs/mkdocs/docs/api/basic_json/is_number_unsigned.md
docs/mkdocs/docs/api/basic_json/is_object.md
docs/mkdocs/docs/api/basic_json/is_primitive.md
docs/mkdocs/docs/api/basic_json/is_string.md
docs/mkdocs/docs/api/basic_json/is_structured.md
docs/mkdocs/docs/api/basic_json/items.md
docs/mkdocs/docs/api/basic_json/json_serializer.md
docs/mkdocs/docs/api/basic_json/max_size.md
docs/mkdocs/docs/api/basic_json/merge_patch.md
docs/mkdocs/docs/api/basic_json/meta.md
docs/mkdocs/docs/api/basic_json/number_float_t.md
docs/mkdocs/docs/api/basic_json/number_integer_t.md
docs/mkdocs/docs/api/basic_json/number_unsigned_t.md
docs/mkdocs/docs/api/basic_json/object.md
docs/mkdocs/docs/api/basic_json/object_comparator_t.md
docs/mkdocs/docs/api/basic_json/object_t.md
docs/mkdocs/docs/api/basic_json/operator+=.md
docs/mkdocs/docs/api/basic_json/operator=.md
docs/mkdocs/docs/api/basic_json/operator[].md
docs/mkdocs/docs/api/basic_json/operator_ValueType.md
docs/mkdocs/docs/api/basic_json/operator_eq.md
docs/mkdocs/docs/api/basic_json/operator_ge.md
docs/mkdocs/docs/api/basic_json/operator_gt.md
docs/mkdocs/docs/api/basic_json/operator_le.md
docs/mkdocs/docs/api/basic_json/operator_lt.md
docs/mkdocs/docs/api/basic_json/operator_ne.md
docs/mkdocs/docs/api/basic_json/operator_spaceship.md
docs/mkdocs/docs/api/basic_json/operator_value_t.md
docs/mkdocs/docs/api/basic_json/other_error.md
docs/mkdocs/docs/api/basic_json/out_of_range.md
docs/mkdocs/docs/api/basic_json/parse.md
docs/mkdocs/docs/api/basic_json/parse_error.md
docs/mkdocs/docs/api/basic_json/parse_event_t.md
docs/mkdocs/docs/api/basic_json/parser_callback_t.md
docs/mkdocs/docs/api/basic_json/patch.md
docs/mkdocs/docs/api/basic_json/patch_inplace.md
docs/mkdocs/docs/api/basic_json/push_back.md
docs/mkdocs/docs/api/basic_json/rbegin.md
docs/mkdocs/docs/api/basic_json/rend.md
docs/mkdocs/docs/api/basic_json/sax_parse.md
docs/mkdocs/docs/api/basic_json/size.md
docs/mkdocs/docs/api/basic_json/std_hash.md
docs/mkdocs/docs/api/basic_json/std_swap.md
docs/mkdocs/docs/api/basic_json/string_t.md
docs/mkdocs/docs/api/basic_json/swap.md
docs/mkdocs/docs/api/basic_json/to_bjdata.md
docs/mkdocs/docs/api/basic_json/to_bson.md
docs/mkdocs/docs/api/basic_json/to_cbor.md
docs/mkdocs/docs/api/basic_json/to_msgpack.md
docs/mkdocs/docs/api/basic_json/to_string.md
docs/mkdocs/docs/api/basic_json/to_ubjson.md
docs/mkdocs/docs/api/basic_json/type.md
docs/mkdocs/docs/api/basic_json/type_error.md
docs/mkdocs/docs/api/basic_json/type_name.md
docs/mkdocs/docs/api/basic_json/unflatten.md
docs/mkdocs/docs/api/basic_json/update.md
docs/mkdocs/docs/api/basic_json/value.md
docs/mkdocs/docs/api/basic_json/value_t.md
docs/mkdocs/docs/api/basic_json/~basic_json.md
docs/mkdocs/docs/api/byte_container_with_subtype/byte_container_with_subtype.md
docs/mkdocs/docs/api/byte_container_with_subtype/clear_subtype.md
docs/mkdocs/docs/api/byte_container_with_subtype/has_subtype.md
docs/mkdocs/docs/api/byte_container_with_subtype/index.md
docs/mkdocs/docs/api/byte_container_with_subtype/set_subtype.md
docs/mkdocs/docs/api/byte_container_with_subtype/subtype.md
docs/mkdocs/docs/api/json.md
docs/mkdocs/docs/api/json_pointer/back.md
docs/mkdocs/docs/api/json_pointer/empty.md
docs/mkdocs/docs/api/json_pointer/index.md
docs/mkdocs/docs/api/json_pointer/json_pointer.md
docs/mkdocs/docs/api/json_pointer/operator_slash.md
docs/mkdocs/docs/api/json_pointer/operator_slasheq.md
docs/mkdocs/docs/api/json_pointer/operator_string_t.md
docs/mkdocs/docs/api/json_pointer/parent_pointer.md
docs/mkdocs/docs/api/json_pointer/pop_back.md
docs/mkdocs/docs/api/json_pointer/push_back.md
docs/mkdocs/docs/api/json_pointer/string_t.md
docs/mkdocs/docs/api/json_pointer/to_string.md
docs/mkdocs/docs/api/json_sax/binary.md
docs/mkdocs/docs/api/json_sax/boolean.md
docs/mkdocs/docs/api/json_sax/end_array.md
docs/mkdocs/docs/api/json_sax/end_object.md
docs/mkdocs/docs/api/json_sax/index.md
docs/mkdocs/docs/api/json_sax/key.md
docs/mkdocs/docs/api/json_sax/null.md
docs/mkdocs/docs/api/json_sax/number_float.md
docs/mkdocs/docs/api/json_sax/number_integer.md
docs/mkdocs/docs/api/json_sax/number_unsigned.md
docs/mkdocs/docs/api/json_sax/parse_error.md
docs/mkdocs/docs/api/json_sax/start_array.md
docs/mkdocs/docs/api/json_sax/start_object.md
docs/mkdocs/docs/api/json_sax/string.md
docs/mkdocs/docs/api/macros/index.md
docs/mkdocs/docs/api/macros/json_assert.md
docs/mkdocs/docs/api/macros/json_diagnostics.md
docs/mkdocs/docs/api/macros/json_disable_enum_serialization.md
docs/mkdocs/docs/api/macros/json_has_cpp_11.md
docs/mkdocs/docs/api/macros/json_has_filesystem.md
docs/mkdocs/docs/api/macros/json_has_ranges.md
docs/mkdocs/docs/api/macros/json_has_three_way_comparison.md
docs/mkdocs/docs/api/macros/json_no_io.md
docs/mkdocs/docs/api/macros/json_noexception.md
docs/mkdocs/docs/api/macros/json_skip_library_version_check.md
docs/mkdocs/docs/api/macros/json_skip_unsupported_compiler_check.md
docs/mkdocs/docs/api/macros/json_throw_user.md
docs/mkdocs/docs/api/macros/json_use_global_udls.md
docs/mkdocs/docs/api/macros/json_use_implicit_conversions.md
docs/mkdocs/docs/api/macros/json_use_legacy_discarded_value_comparison.md
docs/mkdocs/docs/api/macros/nlohmann_define_type_intrusive.md
docs/mkdocs/docs/api/macros/nlohmann_define_type_non_intrusive.md
docs/mkdocs/docs/api/macros/nlohmann_json_namespace.md
docs/mkdocs/docs/api/macros/nlohmann_json_namespace_begin.md
docs/mkdocs/docs/api/macros/nlohmann_json_serialize_enum.md
docs/mkdocs/docs/api/macros/nlohmann_json_version_major.md
docs/mkdocs/docs/api/operator_gtgt.md
docs/mkdocs/docs/api/operator_literal_json.md
docs/mkdocs/docs/api/operator_literal_json_pointer.md
docs/mkdocs/docs/api/operator_ltlt.md
docs/mkdocs/docs/api/ordered_json.md
docs/mkdocs/docs/api/ordered_map.md
docs/mkdocs/docs/css/custom.css
docs/mkdocs/docs/features/arbitrary_types.md
docs/mkdocs/docs/features/assertions.md
docs/mkdocs/docs/features/binary_formats/bjdata.md
docs/mkdocs/docs/features/binary_formats/bson.md
docs/mkdocs/docs/features/binary_formats/cbor.md
docs/mkdocs/docs/features/binary_formats/index.md
docs/mkdocs/docs/features/binary_formats/messagepack.md
docs/mkdocs/docs/features/binary_formats/ubjson.md
docs/mkdocs/docs/features/binary_values.md
docs/mkdocs/docs/features/comments.md
docs/mkdocs/docs/features/element_access/checked_access.md
docs/mkdocs/docs/features/element_access/default_value.md
docs/mkdocs/docs/features/element_access/index.md
docs/mkdocs/docs/features/element_access/unchecked_access.md
docs/mkdocs/docs/features/enum_conversion.md
docs/mkdocs/docs/features/iterators.md
docs/mkdocs/docs/features/json_patch.md
docs/mkdocs/docs/features/json_pointer.md
docs/mkdocs/docs/features/macros.md
docs/mkdocs/docs/features/merge_patch.md
docs/mkdocs/docs/features/object_order.md
docs/mkdocs/docs/features/parsing/index.md
docs/mkdocs/docs/features/parsing/json_lines.md
docs/mkdocs/docs/features/parsing/parse_exceptions.md
docs/mkdocs/docs/features/parsing/parser_callbacks.md
docs/mkdocs/docs/features/parsing/sax_interface.md
docs/mkdocs/docs/features/types/index.md
docs/mkdocs/docs/features/types/number_handling.md
docs/mkdocs/docs/home/code_of_conduct.md
docs/mkdocs/docs/home/design_goals.md
docs/mkdocs/docs/home/exceptions.md
docs/mkdocs/docs/home/faq.md
docs/mkdocs/docs/home/license.md
docs/mkdocs/docs/home/releases.md
docs/mkdocs/docs/home/sponsors.md
docs/mkdocs/docs/images/callback_events.png
docs/mkdocs/docs/images/json_syntax_number.png
docs/mkdocs/docs/images/range-begin-end.svg
docs/mkdocs/docs/images/range-rbegin-rend.svg
docs/mkdocs/docs/index.md
docs/mkdocs/docs/integration/cmake.md
docs/mkdocs/docs/integration/conan/CMakeLists.txt
docs/mkdocs/docs/integration/conan/Conanfile.txt
docs/mkdocs/docs/integration/conan/example.cpp
docs/mkdocs/docs/integration/example.cpp
docs/mkdocs/docs/integration/index.md
docs/mkdocs/docs/integration/package_managers.md
docs/mkdocs/docs/integration/pkg-config.md
docs/mkdocs/docs/integration/vcpkg/CMakeLists.txt
docs/mkdocs/docs/integration/vcpkg/example.cpp
docs/mkdocs/mkdocs.yml
docs/mkdocs/requirements.txt
docs/mkdocs/scripts/check_structure.py
docs/usages/ios.png
docs/usages/macos.png
include/nlohmann/adl_serializer.hpp
include/nlohmann/byte_container_with_subtype.hpp
include/nlohmann/detail/abi_macros.hpp
include/nlohmann/detail/conversions/from_json.hpp
include/nlohmann/detail/conversions/to_chars.hpp
include/nlohmann/detail/conversions/to_json.hpp
include/nlohmann/detail/exceptions.hpp
include/nlohmann/detail/hash.hpp
include/nlohmann/detail/input/binary_reader.hpp
include/nlohmann/detail/input/input_adapters.hpp
include/nlohmann/detail/input/json_sax.hpp
include/nlohmann/detail/input/lexer.hpp
include/nlohmann/detail/input/parser.hpp
include/nlohmann/detail/input/position_t.hpp
include/nlohmann/detail/iterators/internal_iterator.hpp
include/nlohmann/detail/iterators/iter_impl.hpp
include/nlohmann/detail/iterators/iteration_proxy.hpp
include/nlohmann/detail/iterators/iterator_traits.hpp
include/nlohmann/detail/iterators/json_reverse_iterator.hpp
include/nlohmann/detail/iterators/primitive_iterator.hpp
include/nlohmann/detail/json_pointer.hpp
include/nlohmann/detail/json_ref.hpp
include/nlohmann/detail/macro_scope.hpp
include/nlohmann/detail/macro_unscope.hpp
include/nlohmann/detail/meta/call_std/begin.hpp
include/nlohmann/detail/meta/call_std/end.hpp
include/nlohmann/detail/meta/cpp_future.hpp
include/nlohmann/detail/meta/detected.hpp
include/nlohmann/detail/meta/identity_tag.hpp
include/nlohmann/detail/meta/is_sax.hpp
include/nlohmann/detail/meta/std_fs.hpp
include/nlohmann/detail/meta/type_traits.hpp
include/nlohmann/detail/meta/void_t.hpp
include/nlohmann/detail/output/binary_writer.hpp
include/nlohmann/detail/output/output_adapters.hpp
include/nlohmann/detail/output/serializer.hpp
include/nlohmann/detail/string_concat.hpp
include/nlohmann/detail/string_escape.hpp
include/nlohmann/detail/value_t.hpp
include/nlohmann/json.hpp
include/nlohmann/json_fwd.hpp
include/nlohmann/ordered_map.hpp
include/nlohmann/thirdparty/hedley/hedley.hpp
include/nlohmann/thirdparty/hedley/hedley_undef.hpp
meson.build
nlohmann_json.natvis
single_include/nlohmann/json.hpp
tests/CMakeLists.txt
tests/Makefile
tests/abi/CMakeLists.txt
tests/abi/diag/CMakeLists.txt
tests/abi/diag/diag.cpp
tests/abi/diag/diag.hpp
tests/abi/diag/diag_off.cpp
tests/abi/diag/diag_on.cpp
tests/abi/include/nlohmann/json_v3_10_5.hpp
tests/abi/inline_ns/CMakeLists.txt
tests/abi/inline_ns/use_current.cpp
tests/abi/inline_ns/use_v3_10_5.cpp
tests/abi/main.cpp
tests/benchmarks/CMakeLists.txt
tests/benchmarks/src/benchmarks.cpp
tests/cmake_add_subdirectory/CMakeLists.txt
tests/cmake_add_subdirectory/project/CMakeLists.txt
tests/cmake_add_subdirectory/project/main.cpp
tests/cmake_fetch_content/CMakeLists.txt
tests/cmake_fetch_content/project/CMakeLists.txt
tests/cmake_fetch_content/project/main.cpp
tests/cmake_fetch_content2/CMakeLists.txt
tests/cmake_fetch_content2/project/CMakeLists.txt
tests/cmake_fetch_content2/project/main.cpp
tests/cmake_import/CMakeLists.txt
tests/cmake_import/project/CMakeLists.txt
tests/cmake_import/project/main.cpp
tests/cmake_import_minver/CMakeLists.txt
tests/cmake_import_minver/project/CMakeLists.txt
tests/cmake_import_minver/project/main.cpp
tests/cmake_target_include_directories/CMakeLists.txt
tests/cmake_target_include_directories/project/Bar.cpp
tests/cmake_target_include_directories/project/Bar.hpp
tests/cmake_target_include_directories/project/CMakeLists.txt
tests/cmake_target_include_directories/project/Foo.cpp
tests/cmake_target_include_directories/project/Foo.hpp
tests/cmake_target_include_directories/project/main.cpp
tests/cuda_example/CMakeLists.txt
tests/cuda_example/json_cuda.cu
tests/fuzzing.md
tests/reports/2016-08-29-fuzz/exec_speed.png
tests/reports/2016-08-29-fuzz/fuzz.tiff
tests/reports/2016-08-29-fuzz/high_freq.png
tests/reports/2016-08-29-fuzz/index.html
tests/reports/2016-08-29-fuzz/low_freq.png
tests/reports/2016-09-09-nativejson_benchmark/README.md
tests/reports/2016-09-09-nativejson_benchmark/conformance_Nlohmann (C++11).md
tests/reports/2016-09-09-nativejson_benchmark/conformance_overall_Result.png
tests/reports/2016-09-09-nativejson_benchmark/performance_Corei7-4980HQ@2.80GHz_mac64_clang7.0_1._Parse_Memory_(byte).png
tests/reports/2016-09-09-nativejson_benchmark/performance_Corei7-4980HQ@2.80GHz_mac64_clang7.0_1._Parse_Time_(ms).png
tests/reports/2016-09-09-nativejson_benchmark/performance_Corei7-4980HQ@2.80GHz_mac64_clang7.0_2._Stringify_Time_(ms).png
tests/reports/2016-09-09-nativejson_benchmark/performance_Corei7-4980HQ@2.80GHz_mac64_clang7.0_3._Prettify_Time_(ms).png
tests/reports/2016-09-09-nativejson_benchmark/performance_Corei7-4980HQ@2.80GHz_mac64_clang7.0_7._Code_size_FileSize_(byte).png
tests/reports/2016-10-02-fuzz/exec_speed.png
tests/reports/2016-10-02-fuzz/fuzz.tiff
tests/reports/2016-10-02-fuzz/high_freq.png
tests/reports/2016-10-02-fuzz/index.html
tests/reports/2016-10-02-fuzz/low_freq.png
tests/src/fuzzer-driver_afl.cpp
tests/src/fuzzer-parse_bjdata.cpp
tests/src/fuzzer-parse_bson.cpp
tests/src/fuzzer-parse_cbor.cpp
tests/src/fuzzer-parse_json.cpp
tests/src/fuzzer-parse_msgpack.cpp
tests/src/fuzzer-parse_ubjson.cpp
tests/src/make_test_data_available.hpp
tests/src/test_utils.hpp
tests/src/unit-32bit.cpp
tests/src/unit-algorithms.cpp
tests/src/unit-allocator.cpp
tests/src/unit-alt-string.cpp
tests/src/unit-assert_macro.cpp
tests/src/unit-binary_formats.cpp
tests/src/unit-bjdata.cpp
tests/src/unit-bson.cpp
tests/src/unit-byte_container_with_subtype.cpp
tests/src/unit-capacity.cpp
tests/src/unit-cbor.cpp
tests/src/unit-class_const_iterator.cpp
tests/src/unit-class_iterator.cpp
tests/src/unit-class_lexer.cpp
tests/src/unit-class_parser.cpp
tests/src/unit-comparison.cpp
tests/src/unit-concepts.cpp
tests/src/unit-constructor1.cpp
tests/src/unit-constructor2.cpp
tests/src/unit-convenience.cpp
tests/src/unit-conversions.cpp
tests/src/unit-deserialization.cpp
tests/src/unit-diagnostics.cpp
tests/src/unit-disabled_exceptions.cpp
tests/src/unit-element_access1.cpp
tests/src/unit-element_access2.cpp
tests/src/unit-hash.cpp
tests/src/unit-inspection.cpp
tests/src/unit-items.cpp
tests/src/unit-iterators1.cpp
tests/src/unit-iterators2.cpp
tests/src/unit-json_patch.cpp
tests/src/unit-json_pointer.cpp
tests/src/unit-large_json.cpp
tests/src/unit-merge_patch.cpp
tests/src/unit-meta.cpp
tests/src/unit-modifiers.cpp
tests/src/unit-msgpack.cpp
tests/src/unit-noexcept.cpp
tests/src/unit-ordered_json.cpp
tests/src/unit-ordered_map.cpp
tests/src/unit-pointer_access.cpp
tests/src/unit-readme.cpp
tests/src/unit-reference_access.cpp
tests/src/unit-regression1.cpp
tests/src/unit-regression2.cpp
tests/src/unit-serialization.cpp
tests/src/unit-testsuites.cpp
tests/src/unit-to_chars.cpp
tests/src/unit-ubjson.cpp
tests/src/unit-udl.cpp
tests/src/unit-udt.cpp
tests/src/unit-udt_macro.cpp
tests/src/unit-unicode1.cpp
tests/src/unit-unicode2.cpp
tests/src/unit-unicode3.cpp
tests/src/unit-unicode4.cpp
tests/src/unit-unicode5.cpp
tests/src/unit-user_defined_input.cpp
tests/src/unit-windows_h.cpp
tests/src/unit-wstring.cpp
tests/src/unit.cpp
tests/thirdparty/Fuzzer/CMakeLists.txt
tests/thirdparty/Fuzzer/FuzzerCorpus.h
tests/thirdparty/Fuzzer/FuzzerCrossOver.cpp
tests/thirdparty/Fuzzer/FuzzerDefs.h
tests/thirdparty/Fuzzer/FuzzerDictionary.h
tests/thirdparty/Fuzzer/FuzzerDriver.cpp
tests/thirdparty/Fuzzer/FuzzerExtFunctions.def
tests/thirdparty/Fuzzer/FuzzerExtFunctions.h
tests/thirdparty/Fuzzer/FuzzerExtFunctionsDlsym.cpp
tests/thirdparty/Fuzzer/FuzzerExtFunctionsWeak.cpp
tests/thirdparty/Fuzzer/FuzzerExtFunctionsWeakAlias.cpp
tests/thirdparty/Fuzzer/FuzzerFlags.def
tests/thirdparty/Fuzzer/FuzzerIO.cpp
tests/thirdparty/Fuzzer/FuzzerIO.h
tests/thirdparty/Fuzzer/FuzzerIOPosix.cpp
tests/thirdparty/Fuzzer/FuzzerIOWindows.cpp
tests/thirdparty/Fuzzer/FuzzerInterface.h
tests/thirdparty/Fuzzer/FuzzerInternal.h
tests/thirdparty/Fuzzer/FuzzerLoop.cpp
tests/thirdparty/Fuzzer/FuzzerMain.cpp
tests/thirdparty/Fuzzer/FuzzerMerge.cpp
tests/thirdparty/Fuzzer/FuzzerMerge.h
tests/thirdparty/Fuzzer/FuzzerMutate.cpp
tests/thirdparty/Fuzzer/FuzzerMutate.h
tests/thirdparty/Fuzzer/FuzzerOptions.h
tests/thirdparty/Fuzzer/FuzzerRandom.h
tests/thirdparty/Fuzzer/FuzzerSHA1.cpp
tests/thirdparty/Fuzzer/FuzzerSHA1.h
tests/thirdparty/Fuzzer/FuzzerTracePC.cpp
tests/thirdparty/Fuzzer/FuzzerTracePC.h
tests/thirdparty/Fuzzer/FuzzerTraceState.cpp
tests/thirdparty/Fuzzer/FuzzerUtil.cpp
tests/thirdparty/Fuzzer/FuzzerUtil.h
tests/thirdparty/Fuzzer/FuzzerUtilDarwin.cpp
tests/thirdparty/Fuzzer/FuzzerUtilLinux.cpp
tests/thirdparty/Fuzzer/FuzzerUtilPosix.cpp
tests/thirdparty/Fuzzer/FuzzerUtilWindows.cpp
tests/thirdparty/Fuzzer/FuzzerValueBitMap.h
tests/thirdparty/Fuzzer/README.txt
tests/thirdparty/Fuzzer/afl/afl_driver.cpp
tests/thirdparty/Fuzzer/build.sh
tests/thirdparty/Fuzzer/cxx.dict
tests/thirdparty/Fuzzer/standalone/StandaloneFuzzTargetMain.c
tests/thirdparty/Fuzzer/test/AFLDriverTest.cpp
tests/thirdparty/Fuzzer/test/AbsNegAndConstant64Test.cpp
tests/thirdparty/Fuzzer/test/AbsNegAndConstantTest.cpp
tests/thirdparty/Fuzzer/test/AccumulateAllocationsTest.cpp
tests/thirdparty/Fuzzer/test/BufferOverflowOnInput.cpp
tests/thirdparty/Fuzzer/test/CMakeLists.txt
tests/thirdparty/Fuzzer/test/CallerCalleeTest.cpp
tests/thirdparty/Fuzzer/test/CounterTest.cpp
tests/thirdparty/Fuzzer/test/CustomCrossOverTest.cpp
tests/thirdparty/Fuzzer/test/CustomMutatorTest.cpp
tests/thirdparty/Fuzzer/test/DSO1.cpp
tests/thirdparty/Fuzzer/test/DSO2.cpp
tests/thirdparty/Fuzzer/test/DSOTestExtra.cpp
tests/thirdparty/Fuzzer/test/DSOTestMain.cpp
tests/thirdparty/Fuzzer/test/DivTest.cpp
tests/thirdparty/Fuzzer/test/EmptyTest.cpp
tests/thirdparty/Fuzzer/test/FourIndependentBranchesTest.cpp
tests/thirdparty/Fuzzer/test/FullCoverageSetTest.cpp
tests/thirdparty/Fuzzer/test/FuzzerUnittest.cpp
tests/thirdparty/Fuzzer/test/InitializeTest.cpp
tests/thirdparty/Fuzzer/test/LeakTest.cpp
tests/thirdparty/Fuzzer/test/LeakTimeoutTest.cpp
tests/thirdparty/Fuzzer/test/LoadTest.cpp
tests/thirdparty/Fuzzer/test/MemcmpTest.cpp
tests/thirdparty/Fuzzer/test/NthRunCrashTest.cpp
tests/thirdparty/Fuzzer/test/NullDerefOnEmptyTest.cpp
tests/thirdparty/Fuzzer/test/NullDerefTest.cpp
tests/thirdparty/Fuzzer/test/OneHugeAllocTest.cpp
tests/thirdparty/Fuzzer/test/OutOfMemorySingleLargeMallocTest.cpp
tests/thirdparty/Fuzzer/test/OutOfMemoryTest.cpp
tests/thirdparty/Fuzzer/test/RepeatedBytesTest.cpp
tests/thirdparty/Fuzzer/test/RepeatedMemcmp.cpp
tests/thirdparty/Fuzzer/test/ShrinkControlFlowTest.cpp
tests/thirdparty/Fuzzer/test/ShrinkValueProfileTest.cpp
tests/thirdparty/Fuzzer/test/SignedIntOverflowTest.cpp
tests/thirdparty/Fuzzer/test/SimpleCmpTest.cpp
tests/thirdparty/Fuzzer/test/SimpleDictionaryTest.cpp
tests/thirdparty/Fuzzer/test/SimpleHashTest.cpp
tests/thirdparty/Fuzzer/test/SimpleTest.cpp
tests/thirdparty/Fuzzer/test/SimpleThreadedTest.cpp
tests/thirdparty/Fuzzer/test/SingleMemcmpTest.cpp
tests/thirdparty/Fuzzer/test/SingleStrcmpTest.cpp
tests/thirdparty/Fuzzer/test/SingleStrncmpTest.cpp
tests/thirdparty/Fuzzer/test/SpamyTest.cpp
tests/thirdparty/Fuzzer/test/StrcmpTest.cpp
tests/thirdparty/Fuzzer/test/StrncmpOOBTest.cpp
tests/thirdparty/Fuzzer/test/StrncmpTest.cpp
tests/thirdparty/Fuzzer/test/StrstrTest.cpp
tests/thirdparty/Fuzzer/test/SwapCmpTest.cpp
tests/thirdparty/Fuzzer/test/Switch2Test.cpp
tests/thirdparty/Fuzzer/test/SwitchTest.cpp
tests/thirdparty/Fuzzer/test/ThreadedLeakTest.cpp
tests/thirdparty/Fuzzer/test/ThreadedTest.cpp
tests/thirdparty/Fuzzer/test/TimeoutEmptyTest.cpp
tests/thirdparty/Fuzzer/test/TimeoutTest.cpp
tests/thirdparty/Fuzzer/test/TraceMallocTest.cpp
tests/thirdparty/Fuzzer/test/UninstrumentedTest.cpp
tests/thirdparty/Fuzzer/test/afl-driver-extra-stats.test
tests/thirdparty/Fuzzer/test/afl-driver-stderr.test
tests/thirdparty/Fuzzer/test/caller-callee.test
tests/thirdparty/Fuzzer/test/coverage.test
tests/thirdparty/Fuzzer/test/dict1.txt
tests/thirdparty/Fuzzer/test/dump_coverage.test
tests/thirdparty/Fuzzer/test/fuzzer-customcrossover.test
tests/thirdparty/Fuzzer/test/fuzzer-custommutator.test
tests/thirdparty/Fuzzer/test/fuzzer-dict.test
tests/thirdparty/Fuzzer/test/fuzzer-dirs.test
tests/thirdparty/Fuzzer/test/fuzzer-fdmask.test
tests/thirdparty/Fuzzer/test/fuzzer-finalstats.test
tests/thirdparty/Fuzzer/test/fuzzer-flags.test
tests/thirdparty/Fuzzer/test/fuzzer-jobs.test
tests/thirdparty/Fuzzer/test/fuzzer-leak.test
tests/thirdparty/Fuzzer/test/fuzzer-oom-with-profile.test
tests/thirdparty/Fuzzer/test/fuzzer-oom.test
tests/thirdparty/Fuzzer/test/fuzzer-printcovpcs.test
tests/thirdparty/Fuzzer/test/fuzzer-runs.test
tests/thirdparty/Fuzzer/test/fuzzer-seed.test
tests/thirdparty/Fuzzer/test/fuzzer-segv.test
tests/thirdparty/Fuzzer/test/fuzzer-singleinputs.test
tests/thirdparty/Fuzzer/test/fuzzer-threaded.test
tests/thirdparty/Fuzzer/test/fuzzer-timeout.test
tests/thirdparty/Fuzzer/test/fuzzer-traces-hooks.test
tests/thirdparty/Fuzzer/test/fuzzer-ubsan.test
tests/thirdparty/Fuzzer/test/fuzzer.test
tests/thirdparty/Fuzzer/test/hi.txt
tests/thirdparty/Fuzzer/test/lit.cfg
tests/thirdparty/Fuzzer/test/lit.site.cfg.in
tests/thirdparty/Fuzzer/test/merge.test
tests/thirdparty/Fuzzer/test/minimize_crash.test
tests/thirdparty/Fuzzer/test/no-coverage/CMakeLists.txt
tests/thirdparty/Fuzzer/test/repeated-bytes.test
tests/thirdparty/Fuzzer/test/shrink.test
tests/thirdparty/Fuzzer/test/simple-cmp.test
tests/thirdparty/Fuzzer/test/standalone.test
tests/thirdparty/Fuzzer/test/swap-cmp.test
tests/thirdparty/Fuzzer/test/trace-malloc.test
tests/thirdparty/Fuzzer/test/ubsan/CMakeLists.txt
tests/thirdparty/Fuzzer/test/ulimit.test
tests/thirdparty/Fuzzer/test/uninstrumented/CMakeLists.txt
tests/thirdparty/Fuzzer/test/unit/lit.cfg
tests/thirdparty/Fuzzer/test/unit/lit.site.cfg.in
tests/thirdparty/Fuzzer/test/value-profile-cmp.test
tests/thirdparty/Fuzzer/test/value-profile-cmp2.test
tests/thirdparty/Fuzzer/test/value-profile-cmp3.test
tests/thirdparty/Fuzzer/test/value-profile-cmp4.test
tests/thirdparty/Fuzzer/test/value-profile-div.test
tests/thirdparty/Fuzzer/test/value-profile-load.test
tests/thirdparty/Fuzzer/test/value-profile-mem.test
tests/thirdparty/Fuzzer/test/value-profile-set.test
tests/thirdparty/Fuzzer/test/value-profile-strcmp.test
tests/thirdparty/Fuzzer/test/value-profile-strncmp.test
tests/thirdparty/Fuzzer/test/value-profile-switch.test
tests/thirdparty/doctest/doctest.h
tests/thirdparty/doctest/doctest_compatibility.h
tests/thirdparty/fifo_map/fifo_map.hpp
tests/thirdparty/imapdl/filterbr.py
tools/amalgamate/CHANGES.md
tools/amalgamate/README.md
tools/amalgamate/amalgamate.py
tools/amalgamate/config.json
tools/cpplint/README.rst
tools/cpplint/cpplint.py
tools/cpplint/update.sh
tools/gdb_pretty_printer/README.md
tools/gdb_pretty_printer/nlohmann-json.py
tools/macro_builder/main.cpp
tools/serve_header/README.md
tools/serve_header/demo.png
tools/serve_header/requirements.txt
tools/serve_header/serve_header.py
tools/serve_header/serve_header.yml.example
wsjcpp.yml
