.gitattributes
.github/dependabot.yml
.github/workflows/ci.yml
.gitignore
.travis.yml
CHANGELOG
Doxyfile
Doxyfile-internal
LICENSE
Makefile
README.md
SECURITY.md
appveyor.yml
cli/.tipi/deps
cli/.tipi/opts
cli/COPYING
cli/README.md
cli/xsum_arch.h
cli/xsum_bench.c
cli/xsum_bench.h
cli/xsum_config.h
cli/xsum_os_specific.c
cli/xsum_os_specific.h
cli/xsum_output.c
cli/xsum_output.h
cli/xsum_sanity_check.c
cli/xsum_sanity_check.h
cli/xxhsum.1
cli/xxhsum.1.md
cli/xxhsum.c
cmake_unofficial/.gitignore
cmake_unofficial/CMakeLists.txt
cmake_unofficial/JoinPaths.cmake
cmake_unofficial/README.md
cmake_unofficial/xxHashConfig.cmake.in
doc/README.md
doc/xxhash.cry
doc/xxhash_spec.md
libxxhash.pc.in
tests/Makefile
tests/bench/.clang_complete
tests/bench/.gitignore
tests/bench/LICENSE
tests/bench/Makefile
tests/bench/benchHash.c
tests/bench/benchHash.h
tests/bench/benchfn.c
tests/bench/benchfn.h
tests/bench/bhDisplay.c
tests/bench/bhDisplay.h
tests/bench/hashes.h
tests/bench/main.c
tests/bench/timefn.c
tests/bench/timefn.h
tests/cli-comment-line.sh
tests/cli-ignore-missing.sh
tests/collisions/.gitignore
tests/collisions/LICENSE
tests/collisions/Makefile
tests/collisions/README.md
tests/collisions/allcodecs/README.md
tests/collisions/allcodecs/dummy.c
tests/collisions/allcodecs/dummy.h
tests/collisions/hashes.h
tests/collisions/main.c
tests/collisions/pool.c
tests/collisions/pool.h
tests/collisions/sort.cc
tests/collisions/sort.hh
tests/collisions/threading.c
tests/collisions/threading.h
tests/filename-escape.sh
tests/generate_unicode_test.c
tests/multiInclude.c
tests/ppc_define.c
tests/sanity_test.c
tests/sanity_test_vectors.h
tests/sanity_test_vectors_generator.c
tests/unicode_lint.sh
xxh3.h
xxh_x86dispatch.c
xxh_x86dispatch.h
xxhash.c
xxhash.h
